In file included from include/linux/nfs_fs.h:44:0,
                 from init/do_mounts.c:19:
include/linux/pagemap.h: In function 'fault_in_pages_readable':
include/linux/pagemap.h:415:16: warning: variable 'c' set but not used [-Wunused-but-set-variable]
In file included from include/linux/mempolicy.h:62:0,
                 from init/main.c:52:
include/linux/pagemap.h: In function 'fault_in_pages_readable':
include/linux/pagemap.h:415:16: warning: variable 'c' set but not used [-Wunused-but-set-variable]
In file included from include/linux/blkdev.h:12:0,
                 from init/do_mounts.h:2,
                 from init/do_mounts_rd.c:11:
include/linux/pagemap.h: In function 'fault_in_pages_readable':
include/linux/pagemap.h:415:16: warning: variable 'c' set but not used [-Wunused-but-set-variable]
In file included from include/linux/blkdev.h:12:0,
                 from init/do_mounts.h:2,
                 from init/do_mounts_initrd.c:11:
include/linux/pagemap.h: In function 'fault_in_pages_readable':
include/linux/pagemap.h:415:16: warning: variable 'c' set but not used [-Wunused-but-set-variable]
arch/arm/mm/dma-mapping.c: In function 'dma_cache_maint':
arch/arm/mm/dma-mapping.c:545:9: warning: variable 'outer_op' set but not used [-Wunused-but-set-variable]
arch/arm/mm/dma-mapping.c: In function 'dma_free_coherent':
arch/arm/mm/dma-mapping.c:448:25: warning: array subscript is above array bounds [-Warray-bounds]
arch/arm/mm/dma-mapping.c: In function '__dma_alloc':
arch/arm/mm/dma-mapping.c:260:25: warning: array subscript is above array bounds [-Warray-bounds]
arch/arm/kernel/return_address.c:61:2: warning: #warning "TODO: return_address should use unwind tables" [-Wcpp]
In file included from arch/arm/mm/fault-armv.c:18:0:
include/linux/pagemap.h: In function 'fault_in_pages_readable':
include/linux/pagemap.h:415:16: warning: variable 'c' set but not used [-Wunused-but-set-variable]
arch/arm/kernel/signal.c: In function 'restore_sigframe':
arch/arm/kernel/signal.c:193:30: warning: variable 'aux' set but not used [-Wunused-but-set-variable]
In file included from arch/arm/mm/flush.c:12:0:
include/linux/pagemap.h: In function 'fault_in_pages_readable':
include/linux/pagemap.h:415:16: warning: variable 'c' set but not used [-Wunused-but-set-variable]
arch/arm/kernel/traps.c: In function 'dump_backtrace_entry':
arch/arm/kernel/traps.c:65:6: warning: variable 'len' set but not used [-Wunused-but-set-variable]
arch/arm/mm/alignment.c: In function 'do_alignment':
arch/arm/mm/alignment.c:294:15: warning: 'offset.un' may be used uninitialized in this function [-Wuninitialized]
arch/arm/mm/alignment.c:716:21: note: 'offset.un' was declared here
In file included from include/linux/blkdev.h:12:0,
                 from kernel/sched.c:48:
include/linux/pagemap.h: In function 'fault_in_pages_readable':
include/linux/pagemap.h:415:16: warning: variable 'c' set but not used [-Wunused-but-set-variable]
kernel/sched.c: At top level:
kernel/sched.c:2915:1: warning: data definition has no type or storage class [enabled by default]
kernel/sched.c:2915:1: warning: type defaults to 'int' in declaration of 'export_SYMBOL_GPL' [-Wimplicit-int]
kernel/sched.c:2915:1: warning: parameter names (without types) in function declaration [enabled by default]
kernel/sched.c: In function 'update_sysctl':
kernel/sched.c:7043:22: warning: comparison of distinct pointer types lacks a cast [enabled by default]
kernel/sched.c: In function 'sched_init':
kernel/sched.c:9393:32: warning: variable 'ptr' set but not used [-Wunused-but-set-variable]
In file included from mm/filemap.c:23:0:
include/linux/pagemap.h: In function 'fault_in_pages_readable':
include/linux/pagemap.h:415:16: warning: variable 'c' set but not used [-Wunused-but-set-variable]
mm/filemap.c: In function 'generic_perform_write':
mm/filemap.c:2229:11: warning: variable 'index' set but not used [-Wunused-but-set-variable]
In file included from include/linux/mempolicy.h:62:0,
                 from kernel/fork.c:21:
include/linux/pagemap.h: In function 'fault_in_pages_readable':
include/linux/pagemap.h:415:16: warning: variable 'c' set but not used [-Wunused-but-set-variable]
In file included from include/linux/blkdev.h:12:0,
                 from mm/mempool.c:15:
include/linux/pagemap.h: In function 'fault_in_pages_readable':
include/linux/pagemap.h:415:16: warning: variable 'c' set but not used [-Wunused-but-set-variable]
In file included from mm/fadvise.c:14:0:
include/linux/pagemap.h: In function 'fault_in_pages_readable':
include/linux/pagemap.h:415:16: warning: variable 'c' set but not used [-Wunused-but-set-variable]
In file included from mm/page_alloc.c:21:0:
include/linux/pagemap.h: In function 'fault_in_pages_readable':
include/linux/pagemap.h:415:16: warning: variable 'c' set but not used [-Wunused-but-set-variable]
In file included from include/linux/mempolicy.h:62:0,
                 from kernel/exit.c:31:
include/linux/pagemap.h: In function 'fault_in_pages_readable':
include/linux/pagemap.h:415:16: warning: variable 'c' set but not used [-Wunused-but-set-variable]
In file included from mm/page-writeback.c:21:0:
include/linux/pagemap.h: In function 'fault_in_pages_readable':
include/linux/pagemap.h:415:16: warning: variable 'c' set but not used [-Wunused-but-set-variable]
In file included from include/linux/blkdev.h:12:0,
                 from mm/readahead.c:14:
include/linux/pagemap.h: In function 'fault_in_pages_readable':
include/linux/pagemap.h:415:16: warning: variable 'c' set but not used [-Wunused-but-set-variable]
In file included from mm/swap.c:21:0:
include/linux/pagemap.h: In function 'fault_in_pages_readable':
include/linux/pagemap.h:415:16: warning: variable 'c' set but not used [-Wunused-but-set-variable]
In file included from mm/truncate.c:15:0:
include/linux/pagemap.h: In function 'fault_in_pages_readable':
include/linux/pagemap.h:415:16: warning: variable 'c' set but not used [-Wunused-but-set-variable]
In file included from include/linux/nfs_fs.h:44:0,
                 from kernel/sysctl.c:47:
include/linux/pagemap.h: In function 'fault_in_pages_readable':
include/linux/pagemap.h:415:16: warning: variable 'c' set but not used [-Wunused-but-set-variable]
kernel/sysctl.c: In function 'do_sysctl':
kernel/sysctl.c:1858:7: warning: variable 'old_len' set but not used [-Wunused-but-set-variable]
arch/arm/mach-msm/smd_rpcrouter_device.c: In function 'msm_rpcrouter_init_devices':
arch/arm/mach-msm/smd_rpcrouter_device.c:329:6: warning: variable 'major' set but not used [-Wunused-but-set-variable]
In file included from mm/vmscan.c:19:0:
include/linux/pagemap.h: In function 'fault_in_pages_readable':
include/linux/pagemap.h:415:16: warning: variable 'c' set but not used [-Wunused-but-set-variable]
In file included from kernel/ptrace.c:16:0:
include/linux/pagemap.h: In function 'fault_in_pages_readable':
include/linux/pagemap.h:415:16: warning: variable 'c' set but not used [-Wunused-but-set-variable]
In file included from mm/shmem.c:27:0:
include/linux/pagemap.h: In function 'fault_in_pages_readable':
include/linux/pagemap.h:415:16: warning: variable 'c' set but not used [-Wunused-but-set-variable]
In file included from mm/backing-dev.c:7:0:
include/linux/pagemap.h: In function 'fault_in_pages_readable':
include/linux/pagemap.h:415:16: warning: variable 'c' set but not used [-Wunused-but-set-variable]
arch/arm/mach-msm/rpc_server_handset.c: In function 'hs_probe':
arch/arm/mach-msm/rpc_server_handset.c:741:23: warning: ignoring return value of 'sysfs_create_group', declared with attribute warn_unused_result [-Wunused-result]
In file included from include/linux/mempolicy.h:62:0,
                 from kernel/workqueue.c:31:
include/linux/pagemap.h: In function 'fault_in_pages_readable':
include/linux/pagemap.h:415:16: warning: variable 'c' set but not used [-Wunused-but-set-variable]
In file included from mm/fremap.c:13:0:
include/linux/pagemap.h: In function 'fault_in_pages_readable':
include/linux/pagemap.h:415:16: warning: variable 'c' set but not used [-Wunused-but-set-variable]
In file included from mm/highmem.c:23:0:
include/linux/pagemap.h: In function 'fault_in_pages_readable':
include/linux/pagemap.h:415:16: warning: variable 'c' set but not used [-Wunused-but-set-variable]
arch/arm/mach-msm/qdsp6/q6audio.c: In function 'q6audio_read':
arch/arm/mach-msm/qdsp6/q6audio.c:751:6: warning: variable 'r' set but not used [-Wunused-but-set-variable]
arch/arm/mach-msm/qdsp6/q6audio.c: In function 'q6audio_write':
arch/arm/mach-msm/qdsp6/q6audio.c:773:6: warning: variable 'r' set but not used [-Wunused-but-set-variable]
arch/arm/mach-msm/qdsp6/q6audio.c: In function 'callback':
arch/arm/mach-msm/qdsp6/q6audio.c:891:16: warning: operation on 'ac->dsp_buf' may be undefined [-Wsequence-point]
arch/arm/mach-msm/qdsp6/q6audio.c: At top level:
arch/arm/mach-msm/qdsp6/q6audio.c:119:26: warning: 'q6_audio_hw' defined but not used [-Wunused-variable]
In file included from mm/madvise.c:9:0:
include/linux/pagemap.h: In function 'fault_in_pages_readable':
include/linux/pagemap.h:415:16: warning: variable 'c' set but not used [-Wunused-but-set-variable]
In file included from mm/memory.c:47:0:
include/linux/pagemap.h: In function 'fault_in_pages_readable':
include/linux/pagemap.h:415:16: warning: variable 'c' set but not used [-Wunused-but-set-variable]
mm/memory.c: In function 'free_pgd_range':
mm/memory.c:238:16: warning: variable 'start' set but not used [-Wunused-but-set-variable]
mm/memory.c: In function 'copy_pte_range':
mm/memory.c:644:24: warning: variable 'orig_dst_pte' set but not used [-Wunused-but-set-variable]
mm/memory.c:644:9: warning: variable 'orig_src_pte' set but not used [-Wunused-but-set-variable]
arch/arm/mach-msm/qdsp6/pcm_out.c: In function 'pcm_write':
arch/arm/mach-msm/qdsp6/pcm_out.c:188:3: warning: format '%x' expects argument of type 'unsigned int', but argument 2 has type 'struct audio_client *' [-Wformat]
arch/arm/mach-msm/qdsp6/pcm_out.c:201:4: warning: format '%x' expects argument of type 'unsigned int', but argument 2 has type 'struct audio_buffer *' [-Wformat]
arch/arm/mach-msm/qdsp6/pcm_out.c:201:4: warning: format '%x' expects argument of type 'unsigned int', but argument 3 has type 'struct audio_client *' [-Wformat]
arch/arm/mach-msm/qdsp6/pcm_out.c:242:15: warning: operation on 'ac->cpu_buf' may be undefined [-Wsequence-point]
In file included from mm/mincore.c:11:0:
include/linux/pagemap.h: In function 'fault_in_pages_readable':
include/linux/pagemap.h:415:16: warning: variable 'c' set but not used [-Wunused-but-set-variable]
In file included from mm/mlock.c:13:0:
include/linux/pagemap.h: In function 'fault_in_pages_readable':
include/linux/pagemap.h:415:16: warning: variable 'c' set but not used [-Wunused-but-set-variable]
In file included from mm/mmap.c:14:0:
include/linux/pagemap.h: In function 'fault_in_pages_readable':
include/linux/pagemap.h:415:16: warning: variable 'c' set but not used [-Wunused-but-set-variable]
mm/mmap.c: In function 'acct_stack_growth':
mm/mmap.c:1547:16: warning: variable 'new_start' set but not used [-Wunused-but-set-variable]
mm/mmap.c: In function 'mmap_init':
mm/mmap.c:2480:6: warning: variable 'ret' set but not used [-Wunused-but-set-variable]
In file included from include/linux/mempolicy.h:62:0,
                 from mm/mprotect.c:19:
include/linux/pagemap.h: In function 'fault_in_pages_readable':
include/linux/pagemap.h:415:16: warning: variable 'c' set but not used [-Wunused-but-set-variable]
kernel/hrtimer.c: In function 'hrtimer_get_remaining':
kernel/hrtimer.c:1074:29: warning: variable 'base' set but not used [-Wunused-but-set-variable]
kernel/hrtimer.c: In function 'hrtimer_interrupt':
include/linux/ktime.h:167:22: warning: 'now.tv64' may be used uninitialized in this function [-Wuninitialized]
kernel/hrtimer.c:1251:24: note: 'now.tv64' was declared here
In file included from mm/rmap.c:47:0:
include/linux/pagemap.h: In function 'fault_in_pages_readable':
include/linux/pagemap.h:415:16: warning: variable 'c' set but not used [-Wunused-but-set-variable]
arch/arm/mach-msm/qdsp6/msm_q6venc.c: In function 'venc_q6_callback':
arch/arm/mach-msm/qdsp6/msm_q6venc.c:910:15: warning: 'msg_code' may be used uninitialized in this function [-Wuninitialized]
In file included from mm/page_io.c:15:0:
include/linux/pagemap.h: In function 'fault_in_pages_readable':
include/linux/pagemap.h:415:16: warning: variable 'c' set but not used [-Wunused-but-set-variable]
In file included from mm/swap_state.c:15:0:
include/linux/pagemap.h: In function 'fault_in_pages_readable':
include/linux/pagemap.h:415:16: warning: variable 'c' set but not used [-Wunused-but-set-variable]
In file included from mm/swapfile.c:15:0:
include/linux/pagemap.h: In function 'fault_in_pages_readable':
include/linux/pagemap.h:415:16: warning: variable 'c' set but not used [-Wunused-but-set-variable]
arch/arm/mach-msm/board-qsd8x50.c: In function 'wlan_power':
arch/arm/mach-msm/board-qsd8x50.c:1910:13: warning: 'return' with no value, in function returning non-void [-Wreturn-type]
arch/arm/mach-msm/board-qsd8x50.c:1952:13: warning: 'return' with no value, in function returning non-void [-Wreturn-type]
arch/arm/mach-msm/board-qsd8x50.c: In function 'mmc_sd_gpio_setup':
arch/arm/mach-msm/board-qsd8x50.c:3362:1: warning: no return statement in function returning non-void [-Wreturn-type]
arch/arm/mach-msm/board-qsd8x50.c: At top level:
arch/arm/mach-msm/board-qsd8x50.c:2152:42: warning: 'msm_touchpad_data' defined but not used [-Wunused-variable]
In file included from include/linux/mempolicy.h:62:0,
                 from include/linux/shmem_fs.h:5,
                 from mm/ashmem.c:30:
include/linux/pagemap.h: In function 'fault_in_pages_readable':
include/linux/pagemap.h:415:16: warning: variable 'c' set but not used [-Wunused-but-set-variable]
In file included from include/linux/mempolicy.h:62:0,
                 from mm/slab.c:111:
include/linux/pagemap.h: In function 'fault_in_pages_readable':
include/linux/pagemap.h:415:16: warning: variable 'c' set but not used [-Wunused-but-set-variable]
mm/slab.c: In function 'cache_reap':
mm/slab.c:4070:8: warning: variable 'freed' set but not used [-Wunused-but-set-variable]
kernel/irq/manage.c: In function '__setup_irq':
kernel/irq/manage.c:611:14: warning: variable 'old_name' set but not used [-Wunused-but-set-variable]
mm/cleancache.c: In function 'init_cleancache':
mm/cleancache.c:238:6: warning: variable 'err' set but not used [-Wunused-but-set-variable]
In file included from fs/open.c:27:0:
include/linux/pagemap.h: In function 'fault_in_pages_readable':
include/linux/pagemap.h:415:16: warning: variable 'c' set but not used [-Wunused-but-set-variable]
In file included from fs/read_write.c:17:0:
include/linux/pagemap.h: In function 'fault_in_pages_readable':
include/linux/pagemap.h:415:16: warning: variable 'c' set but not used [-Wunused-but-set-variable]
arch/arm/mach-msm/panmac.c:72:3: warning: initialization from incompatible pointer type [enabled by default]
arch/arm/mach-msm/panmac.c:72:3: warning: (near initialization for 'panmac_fops.read') [enabled by default]
arch/arm/mach-msm/panmac.c: In function 'panmac_read':
arch/arm/mach-msm/panmac.c:60:15: warning: ignoring return value of 'copy_to_user', declared with attribute warn_unused_result [-Wunused-result]
In file included from arch/arm/mach-msm/pmic_vibrator.c:65:0:
arch/arm/mach-msm/include/mach/pmic_vibrator.h:3:1: warning: function declaration isn't a prototype [-Wstrict-prototypes]
arch/arm/mach-msm/pmic_vibrator.c: In function 'set_pmic_vibrator':
arch/arm/mach-msm/pmic_vibrator.c:111:2: warning: ISO C90 forbids mixed declarations and code [-Wdeclaration-after-statement]
arch/arm/mach-msm/pmic_vibrator.c: At top level:
arch/arm/mach-msm/pmic_vibrator.c:152:6: warning: function declaration isn't a prototype [-Wstrict-prototypes]
In file included from include/linux/blkdev.h:12:0,
                 from fs/super.c:28:
include/linux/pagemap.h: In function 'fault_in_pages_readable':
include/linux/pagemap.h:415:16: warning: variable 'c' set but not used [-Wunused-but-set-variable]
In file included from fs/stat.c:16:0:
include/linux/pagemap.h: In function 'fault_in_pages_readable':
include/linux/pagemap.h:415:16: warning: variable 'c' set but not used [-Wunused-but-set-variable]
kernel/power/wakelock.c: In function 'wakelock_stats_show':
kernel/power/wakelock.c:125:6: warning: variable 'ret' set but not used [-Wunused-but-set-variable]
kernel/power/wakelock.c: In function 'print_active_locks':
kernel/power/wakelock.c:225:4: warning: suggest parentheses around operand of '!' or change '&' to '&&' or '!' to '~' [-Wparentheses]
In file included from fs/exec.c:35:0:
include/linux/pagemap.h: In function 'fault_in_pages_readable':
include/linux/pagemap.h:415:16: warning: variable 'c' set but not used [-Wunused-but-set-variable]
In file included from fs/pipe.c:18:0:
include/linux/pagemap.h: In function 'fault_in_pages_readable':
include/linux/pagemap.h:415:16: warning: variable 'c' set but not used [-Wunused-but-set-variable]
In file included from fs/namei.c:23:0:
include/linux/pagemap.h: In function 'fault_in_pages_readable':
include/linux/pagemap.h:415:16: warning: variable 'c' set but not used [-Wunused-but-set-variable]
In file included from include/linux/mempolicy.h:62:0,
                 from include/linux/shmem_fs.h:5,
                 from ipc/shm.c:31:
include/linux/pagemap.h: In function 'fault_in_pages_readable':
include/linux/pagemap.h:415:16: warning: variable 'c' set but not used [-Wunused-but-set-variable]
In file included from include/linux/buffer_head.h:13:0,
                 from fs/ioctl.c:17:
include/linux/pagemap.h: In function 'fault_in_pages_readable':
include/linux/pagemap.h:415:16: warning: variable 'c' set but not used [-Wunused-but-set-variable]
security/keys/keyctl.c: In function 'keyctl_describe_key':
security/keys/keyctl.c:472:14: warning: variable 'key' set but not used [-Wunused-but-set-variable]
security/keys/process_keys.c: In function 'install_process_keyring':
security/keys/process_keys.c:211:26: warning: the omitted middle operand in ?: will always be 'true', suggest explicit middle operand [-Wparentheses]
security/keys/request_key.c: In function 'call_sbin_request_key':
security/keys/request_key.c:70:15: warning: variable 'prkey' set but not used [-Wunused-but-set-variable]
In file included from fs/inode.c:22:0:
include/linux/pagemap.h: In function 'fault_in_pages_readable':
include/linux/pagemap.h:415:16: warning: variable 'c' set but not used [-Wunused-but-set-variable]
kernel/trace/ring_buffer.c: In function 'rb_advance_iter':
kernel/trace/ring_buffer.c:2957:22: warning: variable 'buffer' set but not used [-Wunused-but-set-variable]
In file included from kernel/trace/trace.c:24:0:
include/linux/pagemap.h: In function 'fault_in_pages_readable':
include/linux/pagemap.h:415:16: warning: variable 'c' set but not used [-Wunused-but-set-variable]
kernel/trace/trace.c: In function 'ftrace_trace_userstack':
kernel/trace/trace.c:1160:21: warning: variable 'trace' set but not used [-Wunused-but-set-variable]
In file included from security/commoncap.c:19:0:
include/linux/pagemap.h: In function 'fault_in_pages_readable':
include/linux/pagemap.h:415:16: warning: variable 'c' set but not used [-Wunused-but-set-variable]
In file included from fs/libfs.c:7:0:
include/linux/pagemap.h: In function 'fault_in_pages_readable':
include/linux/pagemap.h:415:16: warning: variable 'c' set but not used [-Wunused-but-set-variable]
In file included from crypto/scatterwalk.c:21:0:
include/linux/pagemap.h: In function 'fault_in_pages_readable':
include/linux/pagemap.h:415:16: warning: variable 'c' set but not used [-Wunused-but-set-variable]
In file included from include/linux/blkdev.h:12:0,
                 from fs/fs-writeback.c:25:
include/linux/pagemap.h: In function 'fault_in_pages_readable':
include/linux/pagemap.h:415:16: warning: variable 'c' set but not used [-Wunused-but-set-variable]
In file included from include/linux/blkdev.h:12:0,
                 from kernel/trace/blktrace.c:19:
include/linux/pagemap.h: In function 'fault_in_pages_readable':
include/linux/pagemap.h:415:16: warning: variable 'c' set but not used [-Wunused-but-set-variable]
kernel/trace/trace_events.c: In function 'event_create_dir':
kernel/trace/trace_events.c:895:17: warning: variable 'entry' set but not used [-Wunused-but-set-variable]
In file included from fs/splice.c:22:0:
include/linux/pagemap.h: In function 'fault_in_pages_readable':
include/linux/pagemap.h:415:16: warning: variable 'c' set but not used [-Wunused-but-set-variable]
fs/splice.c: In function 'default_file_splice_read':
fs/splice.c:565:10: warning: variable 'index' set but not used [-Wunused-but-set-variable]
In file included from fs/sync.c:13:0:
include/linux/pagemap.h: In function 'fault_in_pages_readable':
include/linux/pagemap.h:415:16: warning: variable 'c' set but not used [-Wunused-but-set-variable]
In file included from kernel/futex.c:55:0:
include/linux/pagemap.h: In function 'fault_in_pages_readable':
include/linux/pagemap.h:415:16: warning: variable 'c' set but not used [-Wunused-but-set-variable]
In file included from include/linux/blkdev.h:12:0,
                 from fs/buffer.c:28:
include/linux/pagemap.h: In function 'fault_in_pages_readable':
include/linux/pagemap.h:415:16: warning: variable 'c' set but not used [-Wunused-but-set-variable]
In file included from include/linux/blkdev.h:12:0,
                 from fs/bio.c:21:
include/linux/pagemap.h: In function 'fault_in_pages_readable':
include/linux/pagemap.h:415:16: warning: variable 'c' set but not used [-Wunused-but-set-variable]
kernel/module.c: In function 'use_module':
kernel/module.c:660:6: warning: variable 'no_warn' set but not used [-Wunused-but-set-variable]
In file included from include/linux/blkdev.h:12:0,
                 from fs/block_dev.c:17:
include/linux/pagemap.h: In function 'fault_in_pages_readable':
include/linux/pagemap.h:415:16: warning: variable 'c' set but not used [-Wunused-but-set-variable]
In file included from fs/direct-io.c:29:0:
include/linux/pagemap.h: In function 'fault_in_pages_readable':
include/linux/pagemap.h:415:16: warning: variable 'c' set but not used [-Wunused-but-set-variable]
In file included from include/linux/buffer_head.h:13:0,
                 from fs/mpage.c:21:
include/linux/pagemap.h: In function 'fault_in_pages_readable':
include/linux/pagemap.h:415:16: warning: variable 'c' set but not used [-Wunused-but-set-variable]
In file included from include/linux/blkdev.h:12:0,
                 from fs/ioprio.c:24:
include/linux/pagemap.h: In function 'fault_in_pages_readable':
include/linux/pagemap.h:415:16: warning: variable 'c' set but not used [-Wunused-but-set-variable]
In file included from fs/debugfs/inode.c:22:0:
include/linux/pagemap.h: In function 'fault_in_pages_readable':
include/linux/pagemap.h:415:16: warning: variable 'c' set but not used [-Wunused-but-set-variable]
In file included from fs/debugfs/file.c:18:0:
include/linux/pagemap.h: In function 'fault_in_pages_readable':
include/linux/pagemap.h:415:16: warning: variable 'c' set but not used [-Wunused-but-set-variable]
In file included from include/linux/blkdev.h:12:0,
                 from block/elevator.c:27:
include/linux/pagemap.h: In function 'fault_in_pages_readable':
include/linux/pagemap.h:415:16: warning: variable 'c' set but not used [-Wunused-but-set-variable]
In file included from fs/ecryptfs/file.c:29:0:
include/linux/pagemap.h: In function 'fault_in_pages_readable':
include/linux/pagemap.h:415:16: warning: variable 'c' set but not used [-Wunused-but-set-variable]
fs/ecryptfs/file.c: In function 'ecryptfs_open':
fs/ecryptfs/file.c:161:17: warning: variable 'lower_dentry' set but not used [-Wunused-but-set-variable]
In file included from include/linux/blkdev.h:12:0,
                 from block/blk-core.c:18:
include/linux/pagemap.h: In function 'fault_in_pages_readable':
include/linux/pagemap.h:415:16: warning: variable 'c' set but not used [-Wunused-but-set-variable]
block/blk-core.c: In function 'blk_account_io_completion':
block/blk-core.c:1715:7: warning: variable 'cpu' set but not used [-Wunused-but-set-variable]
In file included from fs/ecryptfs/inode.c:28:0:
include/linux/pagemap.h: In function 'fault_in_pages_readable':
include/linux/pagemap.h:415:16: warning: variable 'c' set but not used [-Wunused-but-set-variable]
In file included from fs/ecryptfs/main.c:34:0:
include/linux/pagemap.h: In function 'fault_in_pages_readable':
include/linux/pagemap.h:415:16: warning: variable 'c' set but not used [-Wunused-but-set-variable]
In file included from include/linux/blkdev.h:12:0,
                 from block/blk-tag.c:7:
include/linux/pagemap.h: In function 'fault_in_pages_readable':
include/linux/pagemap.h:415:16: warning: variable 'c' set but not used [-Wunused-but-set-variable]
In file included from fs/ecryptfs/mmap.c:28:0:
include/linux/pagemap.h: In function 'fault_in_pages_readable':
include/linux/pagemap.h:415:16: warning: variable 'c' set but not used [-Wunused-but-set-variable]
In file included from include/linux/blkdev.h:12:0,
                 from block/blk-sysfs.c:7:
include/linux/pagemap.h: In function 'fault_in_pages_readable':
include/linux/pagemap.h:415:16: warning: variable 'c' set but not used [-Wunused-but-set-variable]
In file included from include/linux/blkdev.h:12:0,
                 from block/blk-barrier.c:7:
include/linux/pagemap.h: In function 'fault_in_pages_readable':
include/linux/pagemap.h:415:16: warning: variable 'c' set but not used [-Wunused-but-set-variable]
In file included from fs/ecryptfs/read_write.c:24:0:
include/linux/pagemap.h: In function 'fault_in_pages_readable':
include/linux/pagemap.h:415:16: warning: variable 'c' set but not used [-Wunused-but-set-variable]
In file included from fs/ecryptfs/crypto.c:28:0:
include/linux/pagemap.h: In function 'fault_in_pages_readable':
include/linux/pagemap.h:415:16: warning: variable 'c' set but not used [-Wunused-but-set-variable]
In file included from include/linux/blkdev.h:12:0,
                 from block/blk-settings.c:8:
include/linux/pagemap.h: In function 'fault_in_pages_readable':
include/linux/pagemap.h:415:16: warning: variable 'c' set but not used [-Wunused-but-set-variable]
In file included from include/linux/blkdev.h:12:0,
                 from block/blk-ioc.c:9:
include/linux/pagemap.h: In function 'fault_in_pages_readable':
include/linux/pagemap.h:415:16: warning: variable 'c' set but not used [-Wunused-but-set-variable]
In file included from fs/ecryptfs/keystore.c:30:0:
include/linux/pagemap.h: In function 'fault_in_pages_readable':
include/linux/pagemap.h:415:16: warning: variable 'c' set but not used [-Wunused-but-set-variable]
In file included from include/linux/blkdev.h:12:0,
                 from block/blk-map.c:7:
include/linux/pagemap.h: In function 'fault_in_pages_readable':
include/linux/pagemap.h:415:16: warning: variable 'c' set but not used [-Wunused-but-set-variable]
In file included from include/linux/blkdev.h:12:0,
                 from block/blk-exec.c:7:
include/linux/pagemap.h: In function 'fault_in_pages_readable':
include/linux/pagemap.h:415:16: warning: variable 'c' set but not used [-Wunused-but-set-variable]
In file included from include/linux/blkdev.h:12:0,
                 from block/blk-merge.c:7:
include/linux/pagemap.h: In function 'fault_in_pages_readable':
include/linux/pagemap.h:415:16: warning: variable 'c' set but not used [-Wunused-but-set-variable]
block/blk-merge.c: In function '__blk_recalc_rq_segments':
block/blk-merge.c:15:15: warning: variable 'phys_size' set but not used [-Wunused-but-set-variable]
In file included from include/linux/blkdev.h:12:0,
                 from block/blk-softirq.c:8:
include/linux/pagemap.h: In function 'fault_in_pages_readable':
include/linux/pagemap.h:415:16: warning: variable 'c' set but not used [-Wunused-but-set-variable]
In file included from include/linux/blkdev.h:12:0,
                 from block/blk-timeout.c:6:
include/linux/pagemap.h: In function 'fault_in_pages_readable':
include/linux/pagemap.h:415:16: warning: variable 'c' set but not used [-Wunused-but-set-variable]
In file included from include/linux/blkdev.h:12:0,
                 from block/blk-iopoll.c:9:
include/linux/pagemap.h: In function 'fault_in_pages_readable':
include/linux/pagemap.h:415:16: warning: variable 'c' set but not used [-Wunused-but-set-variable]
In file included from include/linux/buffer_head.h:13:0,
                 from fs/ext2/balloc.c:17:
include/linux/pagemap.h: In function 'fault_in_pages_readable':
include/linux/pagemap.h:415:16: warning: variable 'c' set but not used [-Wunused-but-set-variable]
In file included from include/linux/blkdev.h:12:0,
                 from block/ioctl.c:2:
include/linux/pagemap.h: In function 'fault_in_pages_readable':
include/linux/pagemap.h:415:16: warning: variable 'c' set but not used [-Wunused-but-set-variable]
In file included from include/linux/buffer_head.h:13:0,
                 from fs/ext2/dir.c:25:
include/linux/pagemap.h: In function 'fault_in_pages_readable':
include/linux/pagemap.h:415:16: warning: variable 'c' set but not used [-Wunused-but-set-variable]
In file included from include/linux/blkdev.h:12:0,
                 from block/genhd.c:10:
include/linux/pagemap.h: In function 'fault_in_pages_readable':
include/linux/pagemap.h:415:16: warning: variable 'c' set but not used [-Wunused-but-set-variable]
In file included from include/linux/blkdev.h:12:0,
                 from block/scsi_ioctl.c:23:
include/linux/pagemap.h: In function 'fault_in_pages_readable':
include/linux/pagemap.h:415:16: warning: variable 'c' set but not used [-Wunused-but-set-variable]
In file included from include/linux/buffer_head.h:13:0,
                 from fs/ext2/ialloc.c:18:
include/linux/pagemap.h: In function 'fault_in_pages_readable':
include/linux/pagemap.h:415:16: warning: variable 'c' set but not used [-Wunused-but-set-variable]
In file included from include/linux/blkdev.h:12:0,
                 from block/noop-iosched.c:4:
include/linux/pagemap.h: In function 'fault_in_pages_readable':
include/linux/pagemap.h:415:16: warning: variable 'c' set but not used [-Wunused-but-set-variable]
In file included from fs/ext2/inode.c:28:0:
include/linux/pagemap.h: In function 'fault_in_pages_readable':
include/linux/pagemap.h:415:16: warning: variable 'c' set but not used [-Wunused-but-set-variable]
In file included from include/linux/blkdev.h:12:0,
                 from block/as-iosched.c:10:
include/linux/pagemap.h: In function 'fault_in_pages_readable':
include/linux/pagemap.h:415:16: warning: variable 'c' set but not used [-Wunused-but-set-variable]
drivers/base/power/main.c: In function 'dpm_drv_timeout':
drivers/base/power/main.c:453:15: warning: comparison between pointer and integer [enabled by default]
In file included from fs/ext2/namei.c:33:0:
include/linux/pagemap.h: In function 'fault_in_pages_readable':
include/linux/pagemap.h:415:16: warning: variable 'c' set but not used [-Wunused-but-set-variable]
In file included from include/linux/blkdev.h:12:0,
                 from block/deadline-iosched.c:8:
include/linux/pagemap.h: In function 'fault_in_pages_readable':
include/linux/pagemap.h:415:16: warning: variable 'c' set but not used [-Wunused-but-set-variable]
In file included from include/linux/blkdev.h:12:0,
                 from fs/ext2/super.c:24:
include/linux/pagemap.h: In function 'fault_in_pages_readable':
include/linux/pagemap.h:415:16: warning: variable 'c' set but not used [-Wunused-but-set-variable]
In file included from include/linux/blkdev.h:12:0,
                 from block/cfq-iosched.c:10:
include/linux/pagemap.h: In function 'fault_in_pages_readable':
include/linux/pagemap.h:415:16: warning: variable 'c' set but not used [-Wunused-but-set-variable]
drivers/base/module.c: In function 'module_add_driver':
drivers/base/module.c:37:6: warning: variable 'no_warn' set but not used [-Wunused-but-set-variable]
In file included from include/linux/buffer_head.h:13:0,
                 from fs/ext2/xattr.c:56:
include/linux/pagemap.h: In function 'fault_in_pages_readable':
include/linux/pagemap.h:415:16: warning: variable 'c' set but not used [-Wunused-but-set-variable]
In file included from include/linux/blkdev.h:12:0,
                 from block/sio-iosched.c:16:
include/linux/pagemap.h: In function 'fault_in_pages_readable':
include/linux/pagemap.h:415:16: warning: variable 'c' set but not used [-Wunused-but-set-variable]
In file included from include/linux/blkdev.h:12:0,
                 from drivers/block/brd.c:15:
include/linux/pagemap.h: In function 'fault_in_pages_readable':
include/linux/pagemap.h:415:16: warning: variable 'c' set but not used [-Wunused-but-set-variable]
In file included from include/linux/blkdev.h:12:0,
                 from block/bfq-iosched.c:57:
include/linux/pagemap.h: In function 'fault_in_pages_readable':
include/linux/pagemap.h:415:16: warning: variable 'c' set but not used [-Wunused-but-set-variable]
In file included from block/bfq-iosched.c:127:0:
block/bfq-sched.c: In function 'bfq_get_entity':
block/bfq-sched.c:366:25: warning: variable 'sd' set but not used [-Wunused-but-set-variable]
block/bfq-sched.c: In function 'bfq_forget_entity':
block/bfq-sched.c:463:25: warning: variable 'sd' set but not used [-Wunused-but-set-variable]
In file included from include/linux/blkdev.h:12:0,
                 from drivers/block/loop.c:61:
include/linux/pagemap.h: In function 'fault_in_pages_readable':
include/linux/pagemap.h:415:16: warning: variable 'c' set but not used [-Wunused-but-set-variable]
In file included from include/linux/buffer_head.h:13:0,
                 from include/linux/jbd.h:27,
                 from fs/ext3/balloc.c:17:
include/linux/pagemap.h: In function 'fault_in_pages_readable':
include/linux/pagemap.h:415:16: warning: variable 'c' set but not used [-Wunused-but-set-variable]
drivers/bluetooth/hci_ldisc.c: In function 'hci_uart_send_frame':
drivers/bluetooth/hci_ldisc.c:213:21: warning: variable 'tty' set but not used [-Wunused-but-set-variable]
In file included from include/linux/blkdev.h:12:0,
                 from block/vr-iosched.c:21:
include/linux/pagemap.h: In function 'fault_in_pages_readable':
include/linux/pagemap.h:415:16: warning: variable 'c' set but not used [-Wunused-but-set-variable]
In file included from include/linux/buffer_head.h:13:0,
                 from fs/ext3/bitmap.c:10:
include/linux/pagemap.h: In function 'fault_in_pages_readable':
include/linux/pagemap.h:415:16: warning: variable 'c' set but not used [-Wunused-but-set-variable]
In file included from include/linux/buffer_head.h:13:0,
                 from include/linux/jbd.h:27,
                 from fs/ext3/dir.c:25:
include/linux/pagemap.h: In function 'fault_in_pages_readable':
include/linux/pagemap.h:415:16: warning: variable 'c' set but not used [-Wunused-but-set-variable]
In file included from include/linux/buffer_head.h:13:0,
                 from include/linux/jbd.h:27,
                 from fs/ext3/file.c:23:
include/linux/pagemap.h: In function 'fault_in_pages_readable':
include/linux/pagemap.h:415:16: warning: variable 'c' set but not used [-Wunused-but-set-variable]
In file included from include/linux/blkdev.h:12:0,
                 from fs/ext3/fsync.c:26:
include/linux/pagemap.h: In function 'fault_in_pages_readable':
include/linux/pagemap.h:415:16: warning: variable 'c' set but not used [-Wunused-but-set-variable]
sound/core/init.c: In function 'snd_card_disconnect':
sound/core/init.c:345:15: warning: variable 'file' set but not used [-Wunused-but-set-variable]
In file included from include/linux/buffer_head.h:13:0,
                 from include/linux/jbd.h:27,
                 from fs/ext3/ialloc.c:17:
include/linux/pagemap.h: In function 'fault_in_pages_readable':
include/linux/pagemap.h:415:16: warning: variable 'c' set but not used [-Wunused-but-set-variable]
In file included from include/linux/buffer_head.h:13:0,
                 from include/linux/jbd.h:27,
                 from include/linux/ext3_jbd.h:19,
                 from fs/ext3/inode.c:28:
include/linux/pagemap.h: In function 'fault_in_pages_readable':
include/linux/pagemap.h:415:16: warning: variable 'c' set but not used [-Wunused-but-set-variable]
sound/core/control.c: In function 'snd_ctl_elem_list':
sound/core/control.c:588:30: warning: variable 'first' set but not used [-Wunused-but-set-variable]
In file included from include/linux/buffer_head.h:13:0,
                 from include/linux/jbd.h:27,
                 from fs/ext3/ioctl.c:11:
include/linux/pagemap.h: In function 'fault_in_pages_readable':
include/linux/pagemap.h:415:16: warning: variable 'c' set but not used [-Wunused-but-set-variable]
In file included from fs/ext3/namei.c:28:0:
include/linux/pagemap.h: In function 'fault_in_pages_readable':
include/linux/pagemap.h:415:16: warning: variable 'c' set but not used [-Wunused-but-set-variable]
fs/ext3/namei.c: In function 'ext3_add_entry':
fs/ext3/namei.c:1450:16: warning: variable 'offset' set but not used [-Wunused-but-set-variable]
In file included from include/linux/buffer_head.h:13:0,
                 from include/linux/jbd.h:27,
                 from fs/ext3/super.c:23:
include/linux/pagemap.h: In function 'fault_in_pages_readable':
include/linux/pagemap.h:415:16: warning: variable 'c' set but not used [-Wunused-but-set-variable]
In file included from include/linux/buffer_head.h:13:0,
                 from include/linux/jbd.h:27,
                 from fs/ext3/symlink.c:21:
include/linux/pagemap.h: In function 'fault_in_pages_readable':
include/linux/pagemap.h:415:16: warning: variable 'c' set but not used [-Wunused-but-set-variable]
In file included from include/linux/buffer_head.h:13:0,
                 from include/linux/jbd.h:27,
                 from fs/ext3/hash.c:13:
include/linux/pagemap.h: In function 'fault_in_pages_readable':
include/linux/pagemap.h:415:16: warning: variable 'c' set but not used [-Wunused-but-set-variable]
In file included from include/linux/buffer_head.h:13:0,
                 from include/linux/jbd.h:27,
                 from include/linux/ext3_jbd.h:19,
                 from fs/ext3/resize.c:14:
include/linux/pagemap.h: In function 'fault_in_pages_readable':
include/linux/pagemap.h:415:16: warning: variable 'c' set but not used [-Wunused-but-set-variable]
fs/ext3/resize.c: In function 'ext3_group_extend':
fs/ext3/resize.c:966:16: warning: variable 'o_groups_count' set but not used [-Wunused-but-set-variable]
In file included from include/linux/buffer_head.h:13:0,
                 from include/linux/jbd.h:27,
                 from include/linux/ext3_jbd.h:19,
                 from fs/ext3/ext3_jbd.c:5:
include/linux/pagemap.h: In function 'fault_in_pages_readable':
include/linux/pagemap.h:415:16: warning: variable 'c' set but not used [-Wunused-but-set-variable]
In file included from include/linux/buffer_head.h:13:0,
                 from include/linux/jbd.h:27,
                 from include/linux/ext3_jbd.h:19,
                 from fs/ext3/xattr.c:56:
include/linux/pagemap.h: In function 'fault_in_pages_readable':
include/linux/pagemap.h:415:16: warning: variable 'c' set but not used [-Wunused-but-set-variable]
In file included from include/linux/buffer_head.h:13:0,
                 from include/linux/jbd.h:27,
                 from include/linux/ext3_jbd.h:19,
                 from fs/ext3/xattr_user.c:11:
include/linux/pagemap.h: In function 'fault_in_pages_readable':
include/linux/pagemap.h:415:16: warning: variable 'c' set but not used [-Wunused-but-set-variable]
In file included from include/linux/buffer_head.h:13:0,
                 from include/linux/jbd.h:27,
                 from include/linux/ext3_jbd.h:19,
                 from fs/ext3/xattr_trusted.c:12:
include/linux/pagemap.h: In function 'fault_in_pages_readable':
include/linux/pagemap.h:415:16: warning: variable 'c' set but not used [-Wunused-but-set-variable]
In file included from include/linux/buffer_head.h:13:0,
                 from include/linux/jbd2.h:27,
                 from fs/ext4/balloc.c:17:
include/linux/pagemap.h: In function 'fault_in_pages_readable':
include/linux/pagemap.h:415:16: warning: variable 'c' set but not used [-Wunused-but-set-variable]
fs/ext4/balloc.c: In function 'ext4_add_groupblocks':
fs/ext4/balloc.c:391:27: warning: variable 'es' set but not used [-Wunused-but-set-variable]
fs/ext4/balloc.c: In function 'ext4_free_blocks':
fs/ext4/balloc.c:513:22: warning: variable 'sb' set but not used [-Wunused-but-set-variable]
In file included from include/linux/buffer_head.h:13:0,
                 from fs/ext4/bitmap.c:10:
include/linux/pagemap.h: In function 'fault_in_pages_readable':
include/linux/pagemap.h:415:16: warning: variable 'c' set but not used [-Wunused-but-set-variable]
In file included from include/linux/buffer_head.h:13:0,
                 from include/linux/jbd2.h:27,
                 from fs/ext4/dir.c:25:
include/linux/pagemap.h: In function 'fault_in_pages_readable':
include/linux/pagemap.h:415:16: warning: variable 'c' set but not used [-Wunused-but-set-variable]
In file included from include/linux/buffer_head.h:13:0,
                 from include/linux/jbd2.h:27,
                 from fs/ext4/file.c:23:
include/linux/pagemap.h: In function 'fault_in_pages_readable':
include/linux/pagemap.h:415:16: warning: variable 'c' set but not used [-Wunused-but-set-variable]
In file included from include/linux/buffer_head.h:13:0,
                 from include/linux/jbd2.h:27,
                 from fs/ext4/fsync.c:29:
include/linux/pagemap.h: In function 'fault_in_pages_readable':
include/linux/pagemap.h:415:16: warning: variable 'c' set but not used [-Wunused-but-set-variable]
drivers/char/vt.c: In function 'vc_do_resize':
drivers/char/vt.c:825:49: warning: variable 'old_screen_size' set but not used [-Wunused-but-set-variable]
drivers/char/vt.c:825:15: warning: variable 'old_cols' set but not used [-Wunused-but-set-variable]
drivers/char/vt.c: In function 'do_con_write':
drivers/char/vt.c:2114:6: warning: variable 'orig_count' set but not used [-Wunused-but-set-variable]
drivers/char/vt.c:2113:23: warning: variable 'orig_buf' set but not used [-Wunused-but-set-variable]
In file included from arch/arm/oprofile/../../../drivers/oprofile/oprofilefs.c:17:0:
include/linux/pagemap.h: In function 'fault_in_pages_readable':
include/linux/pagemap.h:415:16: warning: variable 'c' set but not used [-Wunused-but-set-variable]
In file included from include/linux/buffer_head.h:13:0,
                 from include/linux/jbd2.h:27,
                 from fs/ext4/ialloc.c:17:
include/linux/pagemap.h: In function 'fault_in_pages_readable':
include/linux/pagemap.h:415:16: warning: variable 'c' set but not used [-Wunused-but-set-variable]
In file included from include/linux/buffer_head.h:13:0,
                 from include/linux/jbd2.h:27,
                 from fs/ext4/inode.c:28:
include/linux/pagemap.h: In function 'fault_in_pages_readable':
include/linux/pagemap.h:415:16: warning: variable 'c' set but not used [-Wunused-but-set-variable]
fs/ext4/inode.c: In function 'ext4_da_write_begin':
fs/ext4/inode.c:3049:17: warning: variable 'to' set but not used [-Wunused-but-set-variable]
fs/ext4/inode.c: In function 'ext4_expand_extra_isize':
fs/ext4/inode.c:5551:27: warning: variable 'entry' set but not used [-Wunused-but-set-variable]
In file included from include/linux/buffer_head.h:13:0,
                 from drivers/char/sysrq.c:34:
include/linux/pagemap.h: In function 'fault_in_pages_readable':
include/linux/pagemap.h:415:16: warning: variable 'c' set but not used [-Wunused-but-set-variable]
In file included from include/linux/buffer_head.h:13:0,
                 from include/linux/jbd2.h:27,
                 from fs/ext4/ioctl.c:11:
include/linux/pagemap.h: In function 'fault_in_pages_readable':
include/linux/pagemap.h:415:16: warning: variable 'c' set but not used [-Wunused-but-set-variable]
In file included from fs/ext4/namei.c:28:0:
include/linux/pagemap.h: In function 'fault_in_pages_readable':
include/linux/pagemap.h:415:16: warning: variable 'c' set but not used [-Wunused-but-set-variable]
fs/ext4/namei.c: In function 'ext4_get_parent':
fs/ext4/namei.c:1097:16: warning: variable 'inode' set but not used [-Wunused-but-set-variable]
In file included from include/linux/buffer_head.h:13:0,
                 from include/linux/jbd2.h:27,
                 from fs/ext4/super.c:24:
include/linux/pagemap.h: In function 'fault_in_pages_readable':
include/linux/pagemap.h:415:16: warning: variable 'c' set but not used [-Wunused-but-set-variable]
In file included from include/linux/buffer_head.h:13:0,
                 from include/linux/jbd2.h:27,
                 from fs/ext4/symlink.c:21:
include/linux/pagemap.h: In function 'fault_in_pages_readable':
include/linux/pagemap.h:415:16: warning: variable 'c' set but not used [-Wunused-but-set-variable]
In file included from include/linux/buffer_head.h:13:0,
                 from include/linux/jbd2.h:27,
                 from fs/ext4/hash.c:13:
include/linux/pagemap.h: In function 'fault_in_pages_readable':
include/linux/pagemap.h:415:16: warning: variable 'c' set but not used [-Wunused-but-set-variable]
In file included from include/linux/buffer_head.h:13:0,
                 from include/linux/jbd2.h:27,
                 from fs/ext4/ext4_jbd2.h:19,
                 from fs/ext4/resize.c:17:
include/linux/pagemap.h: In function 'fault_in_pages_readable':
include/linux/pagemap.h:415:16: warning: variable 'c' set but not used [-Wunused-but-set-variable]
fs/ext4/resize.c: In function 'ext4_group_extend':
fs/ext4/resize.c:974:15: warning: variable 'o_groups_count' set but not used [-Wunused-but-set-variable]
In file included from include/linux/buffer_head.h:13:0,
                 from include/linux/jbd2.h:27,
                 from fs/ext4/extents.c:35:
include/linux/pagemap.h: In function 'fault_in_pages_readable':
include/linux/pagemap.h:415:16: warning: variable 'c' set but not used [-Wunused-but-set-variable]
fs/ext4/extents.c: In function 'ext4_ext_grow_indepth':
fs/ext4/extents.c:1032:26: warning: variable 'fidx' set but not used [-Wunused-but-set-variable]
fs/ext4/extents.c: In function 'ext4_split_unwritten_extents':
fs/ext4/extents.c:2826:29: warning: variable 'eh' set but not used [-Wunused-but-set-variable]
fs/ext4/extents.c: In function 'ext4_ext_get_blocks':
fs/ext4/extents.c:3146:29: warning: variable 'eh' set but not used [-Wunused-but-set-variable]
In file included from include/linux/buffer_head.h:13:0,
                 from include/linux/jbd2.h:27,
                 from fs/ext4/ext4_jbd2.h:19,
                 from fs/ext4/ext4_jbd2.c:5:
include/linux/pagemap.h: In function 'fault_in_pages_readable':
include/linux/pagemap.h:415:16: warning: variable 'c' set but not used [-Wunused-but-set-variable]
In file included from include/linux/buffer_head.h:13:0,
                 from include/linux/jbd2.h:27,
                 from fs/ext4/ext4_jbd2.h:19,
                 from fs/ext4/migrate.c:16:
include/linux/pagemap.h: In function 'fault_in_pages_readable':
include/linux/pagemap.h:415:16: warning: variable 'c' set but not used [-Wunused-but-set-variable]
net/bluetooth/sco.c: In function 'sco_sock_getsockopt':
net/bluetooth/sco.c:742:6: warning: variable 'len' set but not used [-Wunused-but-set-variable]
In file included from include/linux/buffer_head.h:13:0,
                 from fs/ext4/mballoc.h:14,
                 from fs/ext4/mballoc.c:24:
include/linux/pagemap.h: In function 'fault_in_pages_readable':
include/linux/pagemap.h:415:16: warning: variable 'c' set but not used [-Wunused-but-set-variable]
fs/ext4/mballoc.c: In function 'ext4_mb_regular_allocator':
fs/ext4/mballoc.c:2030:28: warning: variable 'desc' set but not used [-Wunused-but-set-variable]
fs/ext4/mballoc.c:1960:6: warning: variable 'bsbits' set but not used [-Wunused-but-set-variable]
fs/ext4/mballoc.c: In function 'ext4_mb_normalize_request':
fs/ext4/mballoc.c:2816:21: warning: variable 'orig_start' set but not used [-Wunused-but-set-variable]
fs/ext4/mballoc.c:2815:15: warning: variable 'orig_size' set but not used [-Wunused-but-set-variable]
fs/ext4/mballoc.c: In function 'ext4_mb_release_inode_pa':
fs/ext4/mballoc.c:3515:11: warning: variable 'start' set but not used [-Wunused-but-set-variable]
In file included from include/linux/buffer_head.h:13:0,
                 from fs/ext4/block_validity.c:15:
include/linux/pagemap.h: In function 'fault_in_pages_readable':
include/linux/pagemap.h:415:16: warning: variable 'c' set but not used [-Wunused-but-set-variable]
In file included from include/linux/buffer_head.h:13:0,
                 from include/linux/jbd2.h:27,
                 from fs/ext4/ext4_jbd2.h:19,
                 from fs/ext4/move_extent.c:18:
include/linux/pagemap.h: In function 'fault_in_pages_readable':
include/linux/pagemap.h:415:16: warning: variable 'c' set but not used [-Wunused-but-set-variable]
fs/ext4/move_extent.c: In function 'mext_leaf_block':
fs/ext4/move_extent.c:478:15: warning: variable 'new_phys_end' set but not used [-Wunused-but-set-variable]

drivers/gpu/msm/kgsl_drawctxt.c:414: note: vectorized 0 loops in function.

drivers/gpu/msm/kgsl_drawctxt.c:1641: note: vectorized 0 loops in function.

drivers/gpu/msm/kgsl_drawctxt.c:1387: note: vectorized 0 loops in function.
In file included from include/linux/buffer_head.h:13:0,
                 from include/linux/jbd2.h:27,
                 from fs/ext4/ext4_jbd2.h:19,
                 from fs/ext4/xattr.c:59:
include/linux/pagemap.h: In function 'fault_in_pages_readable':
include/linux/pagemap.h:415:16: warning: variable 'c' set but not used [-Wunused-but-set-variable]

drivers/gpu/msm/kgsl_cmdstream.c:65: note: vectorized 0 loops in function.

drivers/gpu/msm/kgsl.c:1810: note: vectorized 0 loops in function.

drivers/gpu/msm/kgsl.c:627: note: vectorized 0 loops in function.

drivers/gpu/msm/kgsl.c:1595: note: vectorized 0 loops in function.

drivers/gpu/msm/kgsl.c:644: note: vectorized 0 loops in function.

drivers/gpu/msm/kgsl.c:523: note: vectorized 0 loops in function.

drivers/gpu/msm/kgsl.c:564: note: vectorized 0 loops in function.

drivers/gpu/msm/kgsl.c:1253: note: vectorized 0 loops in function.
In file included from include/linux/buffer_head.h:13:0,
                 from include/linux/jbd2.h:27,
                 from fs/ext4/ext4_jbd2.h:19,
                 from fs/ext4/xattr_user.c:11:
include/linux/pagemap.h: In function 'fault_in_pages_readable':
include/linux/pagemap.h:415:16: warning: variable 'c' set but not used [-Wunused-but-set-variable]
In file included from include/linux/buffer_head.h:13:0,
                 from include/linux/jbd2.h:27,
                 from fs/ext4/ext4_jbd2.h:19,
                 from fs/ext4/xattr_trusted.c:12:
include/linux/pagemap.h: In function 'fault_in_pages_readable':
include/linux/pagemap.h:415:16: warning: variable 'c' set but not used [-Wunused-but-set-variable]

drivers/gpu/msm/kgsl_mmu.c:316: note: vectorized 0 loops in function.

drivers/gpu/msm/kgsl_mmu.c:676: note: vectorized 0 loops in function.

drivers/gpu/msm/kgsl_mmu.c:547: note: vectorized 0 loops in function.
In file included from include/linux/buffer_head.h:13:0,
                 from fs/fat/cache.c:12:
include/linux/pagemap.h: In function 'fault_in_pages_readable':
include/linux/pagemap.h:415:16: warning: variable 'c' set but not used [-Wunused-but-set-variable]

drivers/gpu/msm/kgsl_ringbuffer.c:224: note: vectorized 0 loops in function.

drivers/gpu/msm/kgsl_ringbuffer.c:630: note: vectorized 0 loops in function.

drivers/gpu/msm/kgsl_ringbuffer.c:56: note: vectorized 0 loops in function.

drivers/gpu/msm/kgsl_ringbuffer.c:69: note: vectorized 0 loops in function.

drivers/gpu/msm/kgsl_ringbuffer.c:537: note: vectorized 0 loops in function.
In file included from include/linux/buffer_head.h:13:0,
                 from fs/fat/dir.c:19:
include/linux/pagemap.h: In function 'fault_in_pages_readable':
include/linux/pagemap.h:415:16: warning: variable 'c' set but not used [-Wunused-but-set-variable]

drivers/gpu/msm/kgsl_yamato.c:1084: note: vectorized 0 loops in function.

drivers/gpu/msm/kgsl_yamato.c:1066: note: vectorized 0 loops in function.

drivers/gpu/msm/kgsl_yamato.c:1161: note: vectorized 0 loops in function.

drivers/gpu/msm/kgsl_yamato.c:930: note: vectorized 0 loops in function.
In file included from include/linux/blkdev.h:12:0,
                 from fs/fat/fatent.c:9:
include/linux/pagemap.h: In function 'fault_in_pages_readable':
include/linux/pagemap.h:415:16: warning: variable 'c' set but not used [-Wunused-but-set-variable]

drivers/gpu/msm/kgsl_yamato.c:397: note: vectorized 0 loops in function.
In file included from include/linux/buffer_head.h:13:0,
                 from fs/fat/file.c:13:
include/linux/pagemap.h: In function 'fault_in_pages_readable':
include/linux/pagemap.h:415:16: warning: variable 'c' set but not used [-Wunused-but-set-variable]

drivers/gpu/msm/kgsl_g12_cmdstream.c:77: note: vectorized 0 loops in function.
In file included from fs/fat/inode.c:19:0:
include/linux/pagemap.h: In function 'fault_in_pages_readable':
include/linux/pagemap.h:415:16: warning: variable 'c' set but not used [-Wunused-but-set-variable]

drivers/gpu/msm/kgsl_g12.c:623: note: vectorized 0 loops in function.

drivers/gpu/msm/kgsl_g12.c:588: note: vectorized 0 loops in function.

drivers/gpu/msm/kgsl_g12.c:559: note: vectorized 0 loops in function.
In file included from include/linux/buffer_head.h:13:0,
                 from fs/fat/misc.c:11:
include/linux/pagemap.h: In function 'fault_in_pages_readable':
include/linux/pagemap.h:415:16: warning: variable 'c' set but not used [-Wunused-but-set-variable]
In file included from include/linux/buffer_head.h:13:0,
                 from fs/fat/namei_vfat.c:22:
include/linux/pagemap.h: In function 'fault_in_pages_readable':
include/linux/pagemap.h:415:16: warning: variable 'c' set but not used [-Wunused-but-set-variable]
In file included from include/linux/buffer_head.h:13:0,
                 from include/linux/jbd.h:27,
                 from fs/jbd/transaction.c:22:
include/linux/pagemap.h: In function 'fault_in_pages_readable':
include/linux/pagemap.h:415:16: warning: variable 'c' set but not used [-Wunused-but-set-variable]
In file included from include/linux/buffer_head.h:13:0,
                 from include/linux/jbd.h:27,
                 from fs/jbd/commit.c:18:
include/linux/pagemap.h: In function 'fault_in_pages_readable':
include/linux/pagemap.h:415:16: warning: variable 'c' set but not used [-Wunused-but-set-variable]
In file included from include/linux/buffer_head.h:13:0,
                 from include/linux/jbd.h:27,
                 from fs/jbd/recovery.c:21:
include/linux/pagemap.h: In function 'fault_in_pages_readable':
include/linux/pagemap.h:415:16: warning: variable 'c' set but not used [-Wunused-but-set-variable]
fs/jbd/recovery.c: In function 'journal_skip_recovery':
fs/jbd/recovery.c:287:25: warning: variable 'sb' set but not used [-Wunused-but-set-variable]
fs/jbd/recovery.c: In function 'do_one_pass':
fs/jbd/recovery.c:326:8: warning: variable 'MAX_BLOCKS_PER_DESC' set but not used [-Wunused-but-set-variable]
drivers/i2c/i2c-core.c: In function 'i2c_register_adapter':
drivers/i2c/i2c-core.c:614:15: warning: variable 'dummy' set but not used [-Wunused-but-set-variable]
In file included from include/linux/buffer_head.h:13:0,
                 from include/linux/jbd.h:27,
                 from fs/jbd/checkpoint.c:22:
include/linux/pagemap.h: In function 'fault_in_pages_readable':
include/linux/pagemap.h:415:16: warning: variable 'c' set but not used [-Wunused-but-set-variable]
In file included from include/linux/buffer_head.h:13:0,
                 from include/linux/jbd.h:27,
                 from fs/jbd/revoke.c:84:
include/linux/pagemap.h: In function 'fault_in_pages_readable':
include/linux/pagemap.h:415:16: warning: variable 'c' set but not used [-Wunused-but-set-variable]
In file included from include/linux/buffer_head.h:13:0,
                 from include/linux/jbd.h:27,
                 from fs/jbd/journal.c:28:
include/linux/pagemap.h: In function 'fault_in_pages_readable':
include/linux/pagemap.h:415:16: warning: variable 'c' set but not used [-Wunused-but-set-variable]
fs/jbd/journal.c: In function 'journal_check_available_features':
fs/jbd/journal.c:1251:24: warning: variable 'sb' set but not used [-Wunused-but-set-variable]
fs/jbd/journal.c: In function 'journal_wipe':
fs/jbd/journal.c:1451:24: warning: variable 'sb' set but not used [-Wunused-but-set-variable]
In file included from include/linux/buffer_head.h:13:0,
                 from include/linux/jbd2.h:27,
                 from fs/jbd2/transaction.c:22:
include/linux/pagemap.h: In function 'fault_in_pages_readable':
include/linux/pagemap.h:415:16: warning: variable 'c' set but not used [-Wunused-but-set-variable]
drivers/i2c/chips/sensor-bma150.c: In function 'bma150_set_mode':
drivers/i2c/chips/sensor-bma150.c:68:16: warning: variable 'rc' set but not used [-Wunused-but-set-variable]
drivers/i2c/chips/sensor-bma150.c: In function 'bma150_misc_write':
drivers/i2c/chips/sensor-bma150.c:145:6: warning: unused variable 'i' [-Wunused-variable]
drivers/i2c/chips/sensor-bma150.c: In function 'bma150_misc_read':
drivers/i2c/chips/sensor-bma150.c:165:6: warning: unused variable 'i' [-Wunused-variable]
drivers/i2c/chips/sensor-bma150.c: In function 'bma150_misc_ioctl':
drivers/i2c/chips/sensor-bma150.c:186:6: warning: unused variable 'rc' [-Wunused-variable]
drivers/i2c/chips/sensor-bma150.c:185:16: warning: unused variable 'reg' [-Wunused-variable]
drivers/i2c/chips/sensor-bma150.c:184:15: warning: unused variable 'argp' [-Wunused-variable]
drivers/i2c/chips/sensor-bma150.c: At top level:
drivers/i2c/chips/sensor-bma150.c:321:2: warning: initialization from incompatible pointer type [enabled by default]
drivers/i2c/chips/sensor-bma150.c:321:2: warning: (near initialization for 'bma150_pm_ops.suspend') [enabled by default]
drivers/i2c/chips/sensor-bma150.c:322:2: warning: initialization from incompatible pointer type [enabled by default]
drivers/i2c/chips/sensor-bma150.c:322:2: warning: (near initialization for 'bma150_pm_ops.resume') [enabled by default]
In file included from include/linux/buffer_head.h:13:0,
                 from include/linux/jbd2.h:27,
                 from fs/jbd2/commit.c:18:
include/linux/pagemap.h: In function 'fault_in_pages_readable':
include/linux/pagemap.h:415:16: warning: variable 'c' set but not used [-Wunused-but-set-variable]
drivers/i2c/chips/sensor-yas529.c: In function 'yas529_misc_write':
drivers/i2c/chips/sensor-yas529.c:88:6: warning: unused variable 'i' [-Wunused-variable]
drivers/i2c/chips/sensor-yas529.c: In function 'yas529_misc_read':
drivers/i2c/chips/sensor-yas529.c:108:6: warning: unused variable 'i' [-Wunused-variable]
drivers/i2c/chips/sensor-yas529.c: In function 'yas529_misc_ioctl':
drivers/i2c/chips/sensor-yas529.c:129:6: warning: unused variable 'rc' [-Wunused-variable]
drivers/i2c/chips/sensor-yas529.c:128:16: warning: unused variable 'reg' [-Wunused-variable]
drivers/i2c/chips/sensor-yas529.c:127:15: warning: unused variable 'argp' [-Wunused-variable]
drivers/i2c/chips/sensor-yas529.c: At top level:
drivers/i2c/chips/sensor-yas529.c:260:2: warning: initialization from incompatible pointer type [enabled by default]
drivers/i2c/chips/sensor-yas529.c:260:2: warning: (near initialization for 'yas529_pm_ops.suspend') [enabled by default]
drivers/i2c/chips/sensor-yas529.c:261:2: warning: initialization from incompatible pointer type [enabled by default]
drivers/i2c/chips/sensor-yas529.c:261:2: warning: (near initialization for 'yas529_pm_ops.resume') [enabled by default]
net/core/dev.c: In function '__hw_addr_del_multiple':
net/core/dev.c:3625:16: warning: variable 'type' set but not used [-Wunused-but-set-variable]
drivers/i2c/chips/sensor-gp2ap002s00f.c:183:1: warning: useless storage class specifier in empty declaration [enabled by default]
drivers/i2c/chips/sensor-gp2ap002s00f.c:230:12: warning: function declaration isn't a prototype [-Wstrict-prototypes]
drivers/i2c/chips/sensor-gp2ap002s00f.c: In function 'yas529_read_get_roughoffset':
drivers/i2c/chips/sensor-gp2ap002s00f.c:328:21: warning: unused variable 'buf' [-Wunused-variable]
drivers/i2c/chips/sensor-gp2ap002s00f.c:328:16: warning: unused variable 'reg' [-Wunused-variable]
drivers/i2c/chips/sensor-gp2ap002s00f.c: In function 'gp2ap002s00f_work_f':
drivers/i2c/chips/sensor-gp2ap002s00f.c:582:10: warning: unused variable 'write_data' [-Wunused-variable]
drivers/i2c/chips/sensor-gp2ap002s00f.c:582:6: warning: variable 'rc' set but not used [-Wunused-but-set-variable]
drivers/i2c/chips/sensor-gp2ap002s00f.c: In function 'gp2ap002s00f_miscdev_ioctl':
drivers/i2c/chips/sensor-gp2ap002s00f.c:698:16: warning: unused variable 'reg' [-Wunused-variable]
drivers/i2c/chips/sensor-gp2ap002s00f.c: In function 'gp2ap002s00f_miscdev_open':
drivers/i2c/chips/sensor-gp2ap002s00f.c:810:12: warning: variable 'rc' set but not used [-Wunused-but-set-variable]
drivers/i2c/chips/sensor-gp2ap002s00f.c: In function 'gp2ap002s00f_inputdev_close':
drivers/i2c/chips/sensor-gp2ap002s00f.c:931:33: warning: unused variable 'dd' [-Wunused-variable]
drivers/i2c/chips/sensor-gp2ap002s00f.c: In function 'gp2ap002s00f_suspend':
drivers/i2c/chips/sensor-gp2ap002s00f.c:1020:8: warning: too many arguments for format [-Wformat-extra-args]
drivers/i2c/chips/sensor-gp2ap002s00f.c: In function 'gp2ap002s00f_resume':
drivers/i2c/chips/sensor-gp2ap002s00f.c:1062:3: warning: too many arguments for format [-Wformat-extra-args]
drivers/i2c/chips/sensor-gp2ap002s00f.c: At top level:
drivers/i2c/chips/sensor-gp2ap002s00f.c:1107:2: warning: initialization from incompatible pointer type [enabled by default]
drivers/i2c/chips/sensor-gp2ap002s00f.c:1107:2: warning: (near initialization for 'gp2ap002s00f_pm_ops.suspend') [enabled by default]
drivers/i2c/chips/sensor-gp2ap002s00f.c:1108:2: warning: initialization from incompatible pointer type [enabled by default]
drivers/i2c/chips/sensor-gp2ap002s00f.c:1108:2: warning: (near initialization for 'gp2ap002s00f_pm_ops.resume') [enabled by default]
drivers/i2c/chips/sensor-gp2ap002s00f.c: In function 'gp2ap002s00f_probe':
drivers/i2c/chips/sensor-gp2ap002s00f.c:1161:2: warning: statement with no effect [-Wunused-value]
drivers/i2c/chips/sensor-gp2ap002s00f.c:1236:1: warning: label 'probe_free_exit' defined but not used [-Wunused-label]
drivers/i2c/chips/sensor-gp2ap002s00f.c:1227:1: warning: label 'gp2ap002s00f_init_exit' defined but not used [-Wunused-label]
drivers/i2c/chips/sensor-gp2ap002s00f.c: At top level:
drivers/i2c/chips/sensor-gp2ap002s00f.c:559:13: warning: 'gp2ap002s00f_interrupt_enable' defined but not used [-Wunused-function]
drivers/i2c/chips/sensor-gp2ap002s00f.c:568:13: warning: 'gp2ap002s00f_interrupt_disable' defined but not used [-Wunused-function]
drivers/i2c/chips/sensor-gp2ap002s00f.c:509:12: warning: 'gp2ap002s00f_i2c_command' defined but not used [-Wunused-function]
drivers/i2c/chips/sensor-gp2ap002s00f.c:912:12: warning: 'gp2ap002s00f_inputdev_open' defined but not used [-Wunused-function]
drivers/i2c/chips/sensor-gp2ap002s00f.c:929:13: warning: 'gp2ap002s00f_inputdev_close' defined but not used [-Wunused-function]
In file included from include/linux/buffer_head.h:13:0,
                 from include/linux/jbd2.h:27,
                 from fs/jbd2/recovery.c:21:
include/linux/pagemap.h: In function 'fault_in_pages_readable':
include/linux/pagemap.h:415:16: warning: variable 'c' set but not used [-Wunused-but-set-variable]
fs/jbd2/recovery.c: In function 'jbd2_journal_skip_recovery':
fs/jbd2/recovery.c:289:25: warning: variable 'sb' set but not used [-Wunused-but-set-variable]
fs/jbd2/recovery.c: In function 'do_one_pass':
fs/jbd2/recovery.c:370:8: warning: variable 'MAX_BLOCKS_PER_DESC' set but not used [-Wunused-but-set-variable]
In file included from include/linux/buffer_head.h:13:0,
                 from include/linux/jbd2.h:27,
                 from fs/jbd2/checkpoint.c:22:
include/linux/pagemap.h: In function 'fault_in_pages_readable':
include/linux/pagemap.h:415:16: warning: variable 'c' set but not used [-Wunused-but-set-variable]
In file included from include/linux/buffer_head.h:13:0,
                 from include/linux/jbd2.h:27,
                 from fs/jbd2/revoke.c:84:
include/linux/pagemap.h: In function 'fault_in_pages_readable':
include/linux/pagemap.h:415:16: warning: variable 'c' set but not used [-Wunused-but-set-variable]
In file included from include/linux/buffer_head.h:13:0,
                 from include/linux/jbd2.h:27,
                 from fs/jbd2/journal.c:28:
include/linux/pagemap.h: In function 'fault_in_pages_readable':
include/linux/pagemap.h:415:16: warning: variable 'c' set but not used [-Wunused-but-set-variable]
fs/jbd2/journal.c: In function 'jbd2_journal_check_available_features':
fs/jbd2/journal.c:1385:24: warning: variable 'sb' set but not used [-Wunused-but-set-variable]
fs/jbd2/journal.c: In function 'jbd2_journal_wipe':
fs/jbd2/journal.c:1611:24: warning: variable 'sb' set but not used [-Wunused-but-set-variable]
fs/jbd2/journal.c: In function 'jbd2_journal_release_jbd_inode':
fs/jbd2/journal.c:2074:6: warning: variable 'writeout' set but not used [-Wunused-but-set-variable]
drivers/input/misc/gpio_input.c:1:2: warning: #warning compile out [-Wcpp]
drivers/input/misc/gpio_output.c:1:2: warning: #warning compile out [-Wcpp]
drivers/input/misc/gpio_axis.c:1:2: warning: #warning compile out [-Wcpp]
drivers/input/touchscreen/qt602240.c: In function 'qt_mem_clear':
drivers/input/touchscreen/qt602240.c:2480:2: warning: ISO C90 forbids mixed declarations and code [-Wdeclaration-after-statement]
drivers/input/touchscreen/qt602240.c:2487:2: warning: ISO C90 forbids mixed declarations and code [-Wdeclaration-after-statement]
drivers/input/touchscreen/qt602240.c:2493:2: warning: ISO C90 forbids mixed declarations and code [-Wdeclaration-after-statement]
drivers/input/touchscreen/qt602240.c:2501:6: warning: ISO C90 forbids mixed declarations and code [-Wdeclaration-after-statement]
drivers/input/touchscreen/qt602240.c:2510:6: warning: ISO C90 forbids mixed declarations and code [-Wdeclaration-after-statement]
drivers/input/touchscreen/qt602240.c:2519:6: warning: ISO C90 forbids mixed declarations and code [-Wdeclaration-after-statement]
drivers/input/touchscreen/qt602240.c:2542:6: warning: ISO C90 forbids mixed declarations and code [-Wdeclaration-after-statement]
drivers/input/touchscreen/qt602240.c:2549:6: warning: ISO C90 forbids mixed declarations and code [-Wdeclaration-after-statement]
drivers/input/touchscreen/qt602240.c:2558:6: warning: ISO C90 forbids mixed declarations and code [-Wdeclaration-after-statement]
drivers/input/touchscreen/qt602240.c:2568:6: warning: ISO C90 forbids mixed declarations and code [-Wdeclaration-after-statement]
drivers/input/touchscreen/qt602240.c: In function 'quantum_touch_probe':
drivers/input/touchscreen/qt602240.c:2638:17: warning: passing argument 1 of 'calculate_infoblock_crc' from incompatible pointer type [enabled by default]
drivers/input/touchscreen/qt602240.c:2394:9: note: expected 'uint32_t *' but argument is of type 'long unsigned int *'
drivers/input/touchscreen/qt602240.c:2597:12: warning: variable 'object_type' set but not used [-Wunused-but-set-variable]
drivers/input/touchscreen/qt602240.c: In function 'read_all_register':
drivers/input/touchscreen/qt602240.c:2992:13: warning: variable 'calc_addr' set but not used [-Wunused-but-set-variable]
drivers/input/touchscreen/qt602240.c: In function 'check_chip_calibration':
drivers/input/touchscreen/qt602240.c:3121:3: warning: 'return' with no value, in function returning non-void [-Wreturn-type]
drivers/input/touchscreen/qt602240.c: In function 'get_message':
drivers/input/touchscreen/qt602240.c:3328:13: warning: variable 'size' set but not used [-Wunused-but-set-variable]
drivers/input/touchscreen/qt602240.c:3327:17: warning: variable 'ret_val' set but not used [-Wunused-but-set-variable]
drivers/input/touchscreen/qt602240.c:3326:22: warning: variable 'press' set but not used [-Wunused-but-set-variable]
drivers/input/touchscreen/qt602240.c: In function 'qt602240_probe':
drivers/input/touchscreen/qt602240.c:4164:37: warning: assignment from incompatible pointer type [enabled by default]
drivers/input/touchscreen/qt602240.c:4165:36: warning: assignment from incompatible pointer type [enabled by default]
drivers/input/touchscreen/qt602240.c: In function 'qt602240_late_resume':
drivers/input/touchscreen/qt602240.c:4236:13: warning: unused variable 'ret' [-Wunused-variable]
drivers/input/touchscreen/qt602240.c: In function 'init_hw_setting':
drivers/input/touchscreen/qt602240.c:4293:18: warning: unused variable 'gpioConfig' [-Wunused-variable]
drivers/input/touchscreen/qt602240.c: In function 'QT_Boot':
drivers/input/touchscreen/qt602240.c:4486:30: warning: unused variable 'i' [-Wunused-variable]
drivers/input/touchscreen/qt602240.c: In function 'QT_Boot_no_reset':
drivers/input/touchscreen/qt602240.c:4608:17: warning: unused variable 'data' [-Wunused-variable]
drivers/input/touchscreen/qt602240.c:4607:24: warning: unused variable 'i' [-Wunused-variable]
drivers/input/touchscreen/qt602240.c: In function 'qt_charger_mode_config':
drivers/input/touchscreen/qt602240.c:5353:16: warning: unused variable 'flags' [-Wunused-variable]
drivers/input/touchscreen/qt602240.c: In function 'check_chip_calibration':
drivers/input/touchscreen/qt602240.c:3274:1: warning: control reaches end of non-void function [-Wreturn-type]
fs/notify/inotify/inotify.c: In function 'inotify_destroy':
fs/notify/inotify/inotify.c:629:23: warning: variable 'sb' set but not used [-Wunused-but-set-variable]
fs/notify/inotify/inotify.c: In function 'inotify_rm_wd':
fs/notify/inotify/inotify.c:858:22: warning: variable 'sb' set but not used [-Wunused-but-set-variable]
In file included from include/linux/blkdev.h:12:0,
                 from include/linux/blktrace_api.h:6,
                 from fs/partitions/check.c:22:
include/linux/pagemap.h: In function 'fault_in_pages_readable':
include/linux/pagemap.h:415:16: warning: variable 'c' set but not used [-Wunused-but-set-variable]
drivers/leds/leds-msm-pmic.c: In function 'led_fops_ioctl':
drivers/leds/leds-msm-pmic.c:138:15: warning: unused variable 'argp' [-Wunused-variable]
In file included from fs/partitions/check.h:1:0,
                 from fs/partitions/msdos.c:23:
include/linux/pagemap.h: In function 'fault_in_pages_readable':
include/linux/pagemap.h:415:16: warning: variable 'c' set but not used [-Wunused-but-set-variable]
In file included from include/linux/blkdev.h:12:0,
                 from include/linux/device-mapper.h:12,
                 from drivers/md/dm.h:14,
                 from drivers/md/dm-uevent.c:26:
include/linux/pagemap.h: In function 'fault_in_pages_readable':
include/linux/pagemap.h:415:16: warning: variable 'c' set but not used [-Wunused-but-set-variable]
In file included from include/linux/blkdev.h:12:0,
                 from include/linux/device-mapper.h:12,
                 from drivers/md/dm.h:14,
                 from drivers/md/dm.c:8:
include/linux/pagemap.h: In function 'fault_in_pages_readable':
include/linux/pagemap.h:415:16: warning: variable 'c' set but not used [-Wunused-but-set-variable]
drivers/md/dm.c: In function 'split_bvec':
drivers/md/dm.c:1032:3: warning: statement with no effect [-Wunused-value]
drivers/md/dm.c: In function 'clone_bio':
drivers/md/dm.c:1060:3: warning: statement with no effect [-Wunused-value]
drivers/md/dm.c: In function '_dm_request':
drivers/md/dm.c:1318:6: warning: variable 'cpu' set but not used [-Wunused-but-set-variable]
net/ethernet/eth.c:402:1: warning: 'print_mac' is deprecated (declared at net/ethernet/eth.c:397) [-Wdeprecated-declarations]
net/ethernet/eth.c:402:1: warning: 'print_mac' is deprecated (declared at net/ethernet/eth.c:397) [-Wdeprecated-declarations]
In file included from fs/proc/task_mmu.c:7:0:
include/linux/pagemap.h: In function 'fault_in_pages_readable':
include/linux/pagemap.h:415:16: warning: variable 'c' set but not used [-Wunused-but-set-variable]
net/ipv4/route.c: In function 'ip_rt_send_redirect':
net/ipv4/route.c:1518:6: warning: variable 'log_martians' set but not used [-Wunused-but-set-variable]
In file included from include/linux/blkdev.h:12:0,
                 from include/linux/device-mapper.h:12,
                 from drivers/md/dm.h:14,
                 from drivers/md/dm-table.c:8:
include/linux/pagemap.h: In function 'fault_in_pages_readable':
include/linux/pagemap.h:415:16: warning: variable 'c' set but not used [-Wunused-but-set-variable]
drivers/md/dm-table.c: In function 'dm_table_set_integrity':
drivers/md/dm-table.c:1066:2: warning: statement with no effect [-Wunused-value]
drivers/md/dm-table.c:1072:2: warning: statement with no effect [-Wunused-value]
In file included from include/linux/blkdev.h:12:0,
                 from include/linux/device-mapper.h:12,
                 from drivers/md/dm.h:14,
                 from drivers/md/dm-target.c:7:
include/linux/pagemap.h: In function 'fault_in_pages_readable':
include/linux/pagemap.h:415:16: warning: variable 'c' set but not used [-Wunused-but-set-variable]
In file included from include/linux/blkdev.h:12:0,
                 from include/linux/device-mapper.h:12,
                 from drivers/md/dm.h:14,
                 from drivers/md/dm-linear.c:7:
include/linux/pagemap.h: In function 'fault_in_pages_readable':
include/linux/pagemap.h:415:16: warning: variable 'c' set but not used [-Wunused-but-set-variable]
In file included from include/linux/blkdev.h:12:0,
                 from include/linux/device-mapper.h:12,
                 from drivers/md/dm-stripe.c:7:
include/linux/pagemap.h: In function 'fault_in_pages_readable':
include/linux/pagemap.h:415:16: warning: variable 'c' set but not used [-Wunused-but-set-variable]
In file included from include/linux/blkdev.h:12:0,
                 from include/linux/device-mapper.h:12,
                 from drivers/md/dm.h:14,
                 from drivers/md/dm-ioctl.c:8:
include/linux/pagemap.h: In function 'fault_in_pages_readable':
include/linux/pagemap.h:415:16: warning: variable 'c' set but not used [-Wunused-but-set-variable]
In file included from fs/proc/array.c:69:0:
include/linux/pagemap.h: In function 'fault_in_pages_readable':
include/linux/pagemap.h:415:16: warning: variable 'c' set but not used [-Wunused-but-set-variable]
In file included from include/linux/blkdev.h:12:0,
                 from include/linux/device-mapper.h:12,
                 from drivers/md/dm-io.c:8:
include/linux/pagemap.h: In function 'fault_in_pages_readable':
include/linux/pagemap.h:415:16: warning: variable 'c' set but not used [-Wunused-but-set-variable]
In file included from include/linux/blkdev.h:12:0,
                 from drivers/md/dm-kcopyd.c:14:
include/linux/pagemap.h: In function 'fault_in_pages_readable':
include/linux/pagemap.h:415:16: warning: variable 'c' set but not used [-Wunused-but-set-variable]
In file included from include/linux/blkdev.h:12:0,
                 from include/linux/device-mapper.h:12,
                 from drivers/md/dm.h:14,
                 from drivers/md/dm-sysfs.c:9:
include/linux/pagemap.h: In function 'fault_in_pages_readable':
include/linux/pagemap.h:415:16: warning: variable 'c' set but not used [-Wunused-but-set-variable]
In file included from include/linux/blkdev.h:12:0,
                 from drivers/md/dm-crypt.c:15:
include/linux/pagemap.h: In function 'fault_in_pages_readable':
include/linux/pagemap.h:415:16: warning: variable 'c' set but not used [-Wunused-but-set-variable]
drivers/media/common/tuners/tuner-simple.c: In function 'simple_set_tv_freq':
drivers/media/common/tuners/tuner-simple.c:548:20: warning: variable 'tun' set but not used [-Wunused-but-set-variable]
drivers/media/common/tuners/mt20xx.c: In function 'mt2050_set_antenna':
drivers/media/common/tuners/mt20xx.c:432:6: warning: variable 'ret' set but not used [-Wunused-but-set-variable]
drivers/media/common/tuners/mt20xx.c: In function 'mt2050_init':
drivers/media/common/tuners/mt20xx.c:576:6: warning: variable 'ret' set but not used [-Wunused-but-set-variable]
In file included from fs/ramfs/inode.c:28:0:
include/linux/pagemap.h: In function 'fault_in_pages_readable':
include/linux/pagemap.h:415:16: warning: variable 'c' set but not used [-Wunused-but-set-variable]
In file included from fs/sysfs/inode.c:15:0:
include/linux/pagemap.h: In function 'fault_in_pages_readable':
include/linux/pagemap.h:415:16: warning: variable 'c' set but not used [-Wunused-but-set-variable]
In file included from fs/sysfs/mount.c:17:0:
include/linux/pagemap.h: In function 'fault_in_pages_readable':
include/linux/pagemap.h:415:16: warning: variable 'c' set but not used [-Wunused-but-set-variable]
fs/sysfs/sphinx.c:349:13: warning: 'secure_release' defined but not used [-Wunused-function]
In file included from fs/yaffs2/yaffs_fs.c:49:0:
include/linux/pagemap.h: In function 'fault_in_pages_readable':
include/linux/pagemap.h:415:16: warning: variable 'c' set but not used [-Wunused-but-set-variable]
fs/yaffs2/yaffs_guts.c: In function 'yaffs_CheckChunkErased':
fs/yaffs2/yaffs_guts.c:902:6: warning: variable 'result' set but not used [-Wunused-but-set-variable]
fs/yaffs2/yaffs_guts.c: In function 'yaffs_UpdateObjectHeader':
fs/yaffs2/yaffs_guts.c:3694:6: warning: variable 'result' set but not used [-Wunused-but-set-variable]
fs/yaffs2/yaffs_guts.c: In function 'yaffs_GrabChunkCache':
fs/yaffs2/yaffs_guts.c:3986:6: warning: variable 'pushout' set but not used [-Wunused-but-set-variable]
fs/yaffs2/yaffs_guts.c: In function 'yaffs_Scan':
fs/yaffs2/yaffs_guts.c:5599:6: warning: variable 'result' set but not used [-Wunused-but-set-variable]
fs/yaffs2/yaffs_guts.c: In function 'yaffs_CheckObjectDetailsLoaded':
fs/yaffs2/yaffs_guts.c:6038:6: warning: variable 'alloc_failed' set but not used [-Wunused-but-set-variable]
fs/yaffs2/yaffs_guts.c:6037:6: warning: variable 'result' set but not used [-Wunused-but-set-variable]
fs/yaffs2/yaffs_guts.c: In function 'yaffs_ScanBackwards':
fs/yaffs2/yaffs_guts.c:6100:6: warning: variable 'deleted' set but not used [-Wunused-but-set-variable]
fs/yaffs2/yaffs_guts.c:6098:6: warning: variable 'result' set but not used [-Wunused-but-set-variable]
fs/yaffs2/yaffs_guts.c: In function 'yaffs_GetObjectName':
fs/yaffs2/yaffs_guts.c:7056:7: warning: variable 'result' set but not used [-Wunused-but-set-variable]
fs/yaffs2/yaffs_guts.c: At top level:
fs/yaffs2/yaffs_guts.c:1571:12: warning: 'yaffs_DeleteWorker' defined but not used [-Wunused-function]
fs/yaffs2/yaffs_guts.c:600:12: warning: 'yaffs_VerifyTnodeWorker' defined but not used [-Wunused-function]
drivers/media/video/msm/msm_camera.c: In function 'msm_stats_axi_cfg':
drivers/media/video/msm/msm_camera.c:1404:8: warning: variable 'data' set but not used [-Wunused-but-set-variable]
fs/yaffs2/yaffs_mtdif1.c: In function 'nandmtd1_QueryNANDBlock':
fs/yaffs2/yaffs_mtdif1.c:330:6: warning: variable 'retval' set but not used [-Wunused-but-set-variable]
drivers/media/video/msm/msm_io8x.c: In function 'msm_camio_probe_on':
drivers/media/video/msm/msm_io8x.c:319:42: warning: unused variable 'camdev' [-Wunused-variable]
drivers/media/video/msm/msm_io8x.c: In function 'msm_camio_probe_off':
drivers/media/video/msm/msm_io8x.c:329:42: warning: unused variable 'camdev' [-Wunused-variable]
drivers/media/video/msm/mv9335.c: In function 'mv9335_update_fw_user':
drivers/media/video/msm/mv9335.c:877:2: warning: format '%x' expects argument of type 'unsigned int', but argument 2 has type 'uint8_t *' [-Wformat]
drivers/media/video/msm/mv9335.c: At top level:
drivers/media/video/msm/mv9335.c:1436:16: warning: 'mv9335_set_focus_mode' defined but not used [-Wunused-function]
In file included from include/linux/mempolicy.h:62:0,
                 from drivers/misc/pmem.c:25:
include/linux/pagemap.h: In function 'fault_in_pages_readable':
include/linux/pagemap.h:415:16: warning: variable 'c' set but not used [-Wunused-but-set-variable]
drivers/misc/pmem.c: In function 'pmem_unmap_pfn_range':
drivers/misc/pmem.c:1311:6: warning: variable 'garbage_pages' set but not used [-Wunused-but-set-variable]
In file included from include/linux/blkdev.h:12:0,
                 from drivers/mmc/card/block.c:29:
include/linux/pagemap.h: In function 'fault_in_pages_readable':
include/linux/pagemap.h:415:16: warning: variable 'c' set but not used [-Wunused-but-set-variable]
In file included from include/linux/blkdev.h:12:0,
                 from drivers/mmc/card/queue.c:13:
include/linux/pagemap.h: In function 'fault_in_pages_readable':
include/linux/pagemap.h:415:16: warning: variable 'c' set but not used [-Wunused-but-set-variable]
In file included from fs/binfmt_elf.c:29:0:
include/linux/pagemap.h: In function 'fault_in_pages_readable':
include/linux/pagemap.h:415:16: warning: variable 'c' set but not used [-Wunused-but-set-variable]
fs/binfmt_elf.c: In function 'load_elf_binary':
fs/binfmt_elf.c:577:16: warning: variable 'reloc_func_desc' set but not used [-Wunused-but-set-variable]
In file included from drivers/mmc/core/core.c:19:0:
include/linux/pagemap.h: In function 'fault_in_pages_readable':
include/linux/pagemap.h:415:16: warning: variable 'c' set but not used [-Wunused-but-set-variable]
In file included from drivers/mmc/core/host.c:17:0:
include/linux/pagemap.h: In function 'fault_in_pages_readable':
include/linux/pagemap.h:415:16: warning: variable 'c' set but not used [-Wunused-but-set-variable]
drivers/mmc/core/sd.c: In function 'mmc_sd_init_card':
drivers/mmc/core/sd.c:545:4: warning: format '%x' expects argument of type 'unsigned int', but argument 2 has type 'struct mmc_host *' [-Wformat]
drivers/mmc/core/sd.c: In function 'mmc_sd_resume':
drivers/mmc/core/sd.c:653:6: warning: unused variable 'retries' [-Wunused-variable]
net/ipv4/fib_hash.c: In function 'fn_hash_insert':
net/ipv4/fib_hash.c:436:25: warning: statement with no effect [-Wunused-value]
net/ipv4/netfilter/nf_nat_standalone.c: In function 'nf_nat_fn':
net/ipv4/netfilter/nf_nat_standalone.c:117:2: warning: case value '4' not in enumerated type 'enum ip_conntrack_info' [-Wswitch]
net/ipv4/netfilter/nf_nat_standalone.c: In function 'nf_nat_standalone_init':
net/ipv4/netfilter/nf_nat_standalone.c:292:2: warning: the comparison will always evaluate as 'true' for the address of 'nat_decode_session' will never be NULL [-Waddress]
In file included from include/linux/blkdev.h:12:0,
                 from drivers/mtd/mtd_blkdevs.c:15:
include/linux/pagemap.h: In function 'fault_in_pages_readable':
include/linux/pagemap.h:415:16: warning: variable 'c' set but not used [-Wunused-but-set-variable]
drivers/mtd/devices/msm_nand.c: In function 'msm_onenand_read_oob':
drivers/mtd/devices/msm_nand.c:3984:11: warning: variable 'ecc_status' set but not used [-Wunused-but-set-variable]
drivers/mtd/devices/msm_nand.c:3983:11: warning: variable 'interrupt_status' set but not used [-Wunused-but-set-variable]
drivers/mtd/devices/msm_nand.c: In function 'msm_onenand_write_oob':
drivers/mtd/devices/msm_nand.c:4674:11: warning: variable 'ecc_status' set but not used [-Wunused-but-set-variable]
drivers/mtd/devices/msm_nand.c:4673:11: warning: variable 'interrupt_status' set but not used [-Wunused-but-set-variable]
drivers/mtd/devices/msm_nand.c: In function 'msm_onenand_erase':
drivers/mtd/devices/msm_nand.c:5407:11: warning: variable 'ecc_status' set but not used [-Wunused-but-set-variable]
drivers/mtd/devices/msm_nand.c:5406:11: warning: variable 'interrupt_status' set but not used [-Wunused-but-set-variable]
drivers/mtd/devices/msm_nand.c: In function 'msm_onenand_unlock':
drivers/mtd/devices/msm_nand.c:5860:11: warning: variable 'interrupt_status' set but not used [-Wunused-but-set-variable]
drivers/mtd/devices/msm_nand.c: In function 'msm_onenand_lock':
drivers/mtd/devices/msm_nand.c:6224:11: warning: variable 'interrupt_status' set but not used [-Wunused-but-set-variable]
net/ipv4/netfilter/nf_nat_core.c: In function 'nf_nat_protocol_unregister':
net/ipv4/netfilter/nf_nat_core.c:539:2: warning: the comparison will always evaluate as 'true' for the address of 'nf_nat_unknown_protocol' will never be NULL [-Waddress]
net/ipv4/netfilter/nf_nat_core.c: In function 'nf_nat_init':
net/ipv4/netfilter/nf_nat_core.c:733:3: warning: the comparison will always evaluate as 'true' for the address of 'nf_nat_unknown_protocol' will never be NULL [-Waddress]
net/ipv4/netfilter/nf_nat_core.c:734:2: warning: the comparison will always evaluate as 'true' for the address of 'nf_nat_protocol_tcp' will never be NULL [-Waddress]
net/ipv4/netfilter/nf_nat_core.c:735:2: warning: the comparison will always evaluate as 'true' for the address of 'nf_nat_protocol_udp' will never be NULL [-Waddress]
net/ipv4/netfilter/nf_nat_core.c:736:2: warning: the comparison will always evaluate as 'true' for the address of 'nf_nat_protocol_icmp' will never be NULL [-Waddress]
net/ipv4/netfilter/nf_nat_core.c:745:2: warning: the comparison will always evaluate as 'true' for the address of 'nf_nat_seq_adjust' will never be NULL [-Waddress]
net/ipv4/netfilter/nf_nat_core.c:747:2: warning: the comparison will always evaluate as 'true' for the address of 'nfnetlink_parse_nat_setup' will never be NULL [-Waddress]
net/ipv4/netfilter/nf_nat_core.c:750:2: warning: the comparison will always evaluate as 'true' for the address of 'nf_nat_get_offset' will never be NULL [-Waddress]
net/ipv4/netfilter/nf_nat_helper.c: In function 'adjust_tcp_sequence':
net/ipv4/netfilter/nf_nat_helper.c:45:32: warning: variable 'other_way' set but not used [-Wunused-but-set-variable]
net/ipv4/netfilter/nf_nat_amanda.c: In function 'nf_nat_amanda_init':
net/ipv4/netfilter/nf_nat_amanda.c:73:2: warning: the comparison will always evaluate as 'true' for the address of 'help' will never be NULL [-Waddress]
net/ipv4/netfilter/nf_nat_ftp.c: In function 'nf_nat_ftp_init':
net/ipv4/netfilter/nf_nat_ftp.c:151:2: warning: the comparison will always evaluate as 'true' for the address of 'nf_nat_ftp' will never be NULL [-Waddress]
net/ipv4/netfilter/nf_nat_h323.c: In function 'init':
net/ipv4/netfilter/nf_nat_h323.c:546:2: warning: the comparison will always evaluate as 'true' for the address of 'set_h245_addr' will never be NULL [-Waddress]
net/ipv4/netfilter/nf_nat_h323.c:547:2: warning: the comparison will always evaluate as 'true' for the address of 'set_h225_addr' will never be NULL [-Waddress]
net/ipv4/netfilter/nf_nat_h323.c:548:2: warning: the comparison will always evaluate as 'true' for the address of 'set_sig_addr' will never be NULL [-Waddress]
net/ipv4/netfilter/nf_nat_h323.c:549:2: warning: the comparison will always evaluate as 'true' for the address of 'set_ras_addr' will never be NULL [-Waddress]
net/ipv4/netfilter/nf_nat_h323.c:550:2: warning: the comparison will always evaluate as 'true' for the address of 'nat_rtp_rtcp' will never be NULL [-Waddress]
net/ipv4/netfilter/nf_nat_h323.c:551:2: warning: the comparison will always evaluate as 'true' for the address of 'nat_t120' will never be NULL [-Waddress]
net/ipv4/netfilter/nf_nat_h323.c:552:2: warning: the comparison will always evaluate as 'true' for the address of 'nat_h245' will never be NULL [-Waddress]
net/ipv4/netfilter/nf_nat_h323.c:553:2: warning: the comparison will always evaluate as 'true' for the address of 'nat_callforwarding' will never be NULL [-Waddress]
net/ipv4/netfilter/nf_nat_h323.c:554:2: warning: the comparison will always evaluate as 'true' for the address of 'nat_q931' will never be NULL [-Waddress]
net/ipv4/netfilter/nf_nat_irc.c: In function 'nf_nat_irc_init':
net/ipv4/netfilter/nf_nat_irc.c:78:2: warning: the comparison will always evaluate as 'true' for the address of 'help' will never be NULL [-Waddress]
net/ipv4/netfilter/nf_nat_pptp.c: In function 'nf_nat_helper_pptp_init':
net/ipv4/netfilter/nf_nat_pptp.c:284:2: warning: the comparison will always evaluate as 'true' for the address of 'pptp_outbound_pkt' will never be NULL [-Waddress]
net/ipv4/netfilter/nf_nat_pptp.c:287:2: warning: the comparison will always evaluate as 'true' for the address of 'pptp_inbound_pkt' will never be NULL [-Waddress]
net/ipv4/netfilter/nf_nat_pptp.c:290:2: warning: the comparison will always evaluate as 'true' for the address of 'pptp_exp_gre' will never be NULL [-Waddress]
net/ipv4/netfilter/nf_nat_pptp.c:293:2: warning: the comparison will always evaluate as 'true' for the address of 'pptp_nat_expected' will never be NULL [-Waddress]
net/ipv4/netfilter/nf_nat_sip.c: In function 'nf_nat_sip_init':
net/ipv4/netfilter/nf_nat_sip.c:490:2: warning: the comparison will always evaluate as 'true' for the address of 'ip_nat_sip' will never be NULL [-Waddress]
net/ipv4/netfilter/nf_nat_sip.c:491:2: warning: the comparison will always evaluate as 'true' for the address of 'ip_nat_sip_expect' will never be NULL [-Waddress]
net/ipv4/netfilter/nf_nat_sip.c:492:2: warning: the comparison will always evaluate as 'true' for the address of 'ip_nat_sdp_addr' will never be NULL [-Waddress]
net/ipv4/netfilter/nf_nat_sip.c:493:2: warning: the comparison will always evaluate as 'true' for the address of 'ip_nat_sdp_port' will never be NULL [-Waddress]
net/ipv4/netfilter/nf_nat_sip.c:494:2: warning: the comparison will always evaluate as 'true' for the address of 'ip_nat_sdp_session' will never be NULL [-Waddress]
net/ipv4/netfilter/nf_nat_sip.c:495:2: warning: the comparison will always evaluate as 'true' for the address of 'ip_nat_sdp_media' will never be NULL [-Waddress]
net/ipv4/netfilter/nf_nat_tftp.c: In function 'nf_nat_tftp_init':
net/ipv4/netfilter/nf_nat_tftp.c:47:2: warning: the comparison will always evaluate as 'true' for the address of 'help' will never be NULL [-Waddress]
net/ipv4/netfilter/nf_nat_proto_sctp.c: In function 'sctp_manip_pkt':
net/ipv4/netfilter/nf_nat_proto_sctp.c:39:16: warning: variable 'newip' set but not used [-Wunused-but-set-variable]
net/ipv4/netfilter/nf_nat_proto_sctp.c:39:9: warning: variable 'oldip' set but not used [-Wunused-but-set-variable]
drivers/net/smc91x.c: In function 'smc_rcv':
drivers/net/smc91x.c:489:3: warning: variable '__ioaddr' set but not used [-Wunused-but-set-variable]
drivers/net/smc91x.c: In function 'smc_hardware_send_pkt':
drivers/net/smc91x.c:596:2: warning: variable '__ioaddr' set but not used [-Wunused-but-set-variable]
drivers/net/smc91x.c:553:16: warning: unused variable 'flags' [-Wunused-variable]
drivers/net/smc91x.c: In function 'smc_hard_start_xmit':
drivers/net/smc91x.c:639:16: warning: unused variable 'flags' [-Wunused-variable]
drivers/net/smc91x.c: In function 'smc_tx':
drivers/net/smc91x.c:711:51: warning: variable 'pkt_len' set but not used [-Wunused-but-set-variable]
drivers/net/smc91x.c: In function 'smc_phy_configure':
drivers/net/smc91x.c:1046:6: warning: variable 'status' set but not used [-Wunused-but-set-variable]
drivers/net/smc911x.c: In function 'smc911x_phy_configure':
drivers/net/smc911x.c:892:6: warning: variable 'status' set but not used [-Wunused-but-set-variable]
drivers/net/smc911x.c: In function 'smc911x_phy_interrupt':
drivers/net/smc911x.c:986:6: warning: variable 'status' set but not used [-Wunused-but-set-variable]
drivers/net/smc911x.c: In function 'smc911x_timeout':
drivers/net/smc911x.c:1269:6: warning: variable 'status' set but not used [-Wunused-but-set-variable]
lib/vsprintf.c: In function 'vbin_printf':
lib/vsprintf.c:1472:10: warning: variable 'skip_arg' set but not used [-Wunused-but-set-variable]
drivers/net/msm_rmnet.c: In function 'rmnet_init':
drivers/net/msm_rmnet.c:623:17: warning: variable 'd' set but not used [-Wunused-but-set-variable]
drivers/power/msm_battery.c:217:33: warning: 'rep_batt_chg' defined but not used [-Wunused-variable]
drivers/power/msm_battery.c:477:12: warning: 'msm_batt_get_vbatt_voltage' defined but not used [-Wunused-function]
net/ipv6/ip6_output.c: In function 'ip6_nd_hdr':
net/ipv6/ip6_output.c:292:6: warning: variable 'totlen' set but not used [-Wunused-but-set-variable]
net/netfilter/nf_conntrack_core.c: In function 'nf_conntrack_init':
net/netfilter/nf_conntrack_core.c:1385:3: warning: the comparison will always evaluate as 'true' for the address of 'nf_conntrack_attach' will never be NULL [-Waddress]
net/netfilter/nf_conntrack_core.c:1386:3: warning: the comparison will always evaluate as 'true' for the address of 'destroy_conntrack' will never be NULL [-Waddress]
net/netfilter/nf_conntrack_standalone.c: In function 'ct_seq_show':
net/netfilter/nf_conntrack_standalone.c:116:6: warning: variable 'ret' set but not used [-Wunused-but-set-variable]
net/ipv6/route.c: In function 'icmp6_dst_gc':
net/ipv6/route.c:1018:26: warning: variable 'next' set but not used [-Wunused-but-set-variable]
In file included from include/linux/blkdev.h:12:0,
                 from drivers/scsi/scsi.c:46:
include/linux/pagemap.h: In function 'fault_in_pages_readable':
include/linux/pagemap.h:415:16: warning: variable 'c' set but not used [-Wunused-but-set-variable]
net/netfilter/nf_conntrack_proto.c: In function 'nf_conntrack_l3proto_unregister':
net/netfilter/nf_conntrack_proto.c:202:2: warning: the comparison will always evaluate as 'true' for the address of 'nf_conntrack_l3proto_generic' will never be NULL [-Waddress]
net/netfilter/nf_conntrack_proto.c: In function 'nf_conntrack_l4proto_unregister':
net/netfilter/nf_conntrack_proto.c:326:2: warning: the comparison will always evaluate as 'true' for the address of 'nf_conntrack_l4proto_generic' will never be NULL [-Waddress]
net/netfilter/nf_conntrack_proto.c: In function 'nf_conntrack_proto_init':
net/netfilter/nf_conntrack_proto.c:351:3: warning: the comparison will always evaluate as 'true' for the address of 'nf_conntrack_l3proto_generic' will never be NULL [-Waddress]
In file included from include/linux/blkdev.h:12:0,
                 from drivers/scsi/hosts.c:25:
include/linux/pagemap.h: In function 'fault_in_pages_readable':
include/linux/pagemap.h:415:16: warning: variable 'c' set but not used [-Wunused-but-set-variable]
drivers/scsi/hosts.c: In function 'scsi_host_alloc':
drivers/scsi/hosts.c:323:6: warning: variable 'rval' set but not used [-Wunused-but-set-variable]
In file included from include/linux/blkdev.h:12:0,
                 from drivers/scsi/scsi_ioctl.c:8:
include/linux/pagemap.h: In function 'fault_in_pages_readable':
include/linux/pagemap.h:415:16: warning: variable 'c' set but not used [-Wunused-but-set-variable]
In file included from include/linux/blkdev.h:12:0,
                 from drivers/scsi/constants.c:10:
include/linux/pagemap.h: In function 'fault_in_pages_readable':
include/linux/pagemap.h:415:16: warning: variable 'c' set but not used [-Wunused-but-set-variable]
In file included from include/linux/blkdev.h:12:0,
                 from drivers/scsi/scsicam.c:17:
include/linux/pagemap.h: In function 'fault_in_pages_readable':
include/linux/pagemap.h:415:16: warning: variable 'c' set but not used [-Wunused-but-set-variable]
In file included from include/linux/blkdev.h:12:0,
                 from drivers/scsi/scsi_error.c:25:
include/linux/pagemap.h: In function 'fault_in_pages_readable':
include/linux/pagemap.h:415:16: warning: variable 'c' set but not used [-Wunused-but-set-variable]
In file included from include/linux/blkdev.h:12:0,
                 from drivers/scsi/scsi_lib.c:12:
include/linux/pagemap.h: In function 'fault_in_pages_readable':
include/linux/pagemap.h:415:16: warning: variable 'c' set but not used [-Wunused-but-set-variable]
In file included from include/linux/blkdev.h:12:0,
                 from drivers/scsi/scsi_lib_dma.c:5:
include/linux/pagemap.h: In function 'fault_in_pages_readable':
include/linux/pagemap.h:415:16: warning: variable 'c' set but not used [-Wunused-but-set-variable]
In file included from include/linux/blkdev.h:12:0,
                 from drivers/scsi/scsi_scan.c:31:
include/linux/pagemap.h: In function 'fault_in_pages_readable':
include/linux/pagemap.h:415:16: warning: variable 'c' set but not used [-Wunused-but-set-variable]
In file included from include/linux/blkdev.h:12:0,
                 from drivers/scsi/scsi_sysfs.c:11:
include/linux/pagemap.h: In function 'fault_in_pages_readable':
include/linux/pagemap.h:415:16: warning: variable 'c' set but not used [-Wunused-but-set-variable]
In file included from include/linux/blkdev.h:12:0,
                 from drivers/scsi/scsi_devinfo.c:2:
include/linux/pagemap.h: In function 'fault_in_pages_readable':
include/linux/pagemap.h:415:16: warning: variable 'c' set but not used [-Wunused-but-set-variable]
net/netfilter/nfnetlink_log.c: In function '__build_packet_message':
net/netfilter/nfnetlink_log.c:373:9: warning: variable 'tmp_uint' set but not used [-Wunused-but-set-variable]
In file included from include/linux/blkdev.h:12:0,
                 from drivers/scsi/scsi_proc.c:26:
include/linux/pagemap.h: In function 'fault_in_pages_readable':
include/linux/pagemap.h:415:16: warning: variable 'c' set but not used [-Wunused-but-set-variable]
In file included from include/linux/blkdev.h:12:0,
                 from drivers/scsi/scsi_tgt_lib.c:22:
include/linux/pagemap.h: In function 'fault_in_pages_readable':
include/linux/pagemap.h:415:16: warning: variable 'c' set but not used [-Wunused-but-set-variable]
In file included from include/linux/blkdev.h:12:0,
                 from include/scsi/scsi_cmnd.h:5,
                 from drivers/scsi/scsi_tgt_if.c:27:
include/linux/pagemap.h: In function 'fault_in_pages_readable':
include/linux/pagemap.h:415:16: warning: variable 'c' set but not used [-Wunused-but-set-variable]
In file included from include/linux/blkdev.h:12:0,
                 from drivers/scsi/sd.c:46:
include/linux/pagemap.h: In function 'fault_in_pages_readable':
include/linux/pagemap.h:415:16: warning: variable 'c' set but not used [-Wunused-but-set-variable]
In file included from include/linux/blkdev.h:12:0,
                 from drivers/scsi/sg.c:48:
include/linux/pagemap.h: In function 'fault_in_pages_readable':
include/linux/pagemap.h:415:16: warning: variable 'c' set but not used [-Wunused-but-set-variable]
drivers/scsi/sg.c: In function 'sg_common_write':
drivers/scsi/sg.c:710:9: warning: variable 'data_dir' set but not used [-Wunused-but-set-variable]
net/netfilter/nf_conntrack_netlink.c: In function 'ctnetlink_parse_tuple':
net/netfilter/nf_conntrack_netlink.c:735:11: warning: comparison between 'enum ctattr_tuple' and 'enum ctattr_type' [-Wenum-compare]
In file included from include/linux/blkdev.h:12:0,
                 from drivers/scsi/ch.c:19:
include/linux/pagemap.h: In function 'fault_in_pages_readable':
include/linux/pagemap.h:415:16: warning: variable 'c' set but not used [-Wunused-but-set-variable]
drivers/serial/msm_serial.c: In function 'msm_serial_clock_off':
drivers/serial/msm_serial.c:156:6: warning: variable 'ret' set but not used [-Wunused-but-set-variable]
drivers/serial/msm_serial.c: In function 'msm_console_write':
drivers/serial/msm_serial.c:906:19: warning: variable 'msm_port' set but not used [-Wunused-but-set-variable]
drivers/serial/msm_serial_hs.c:60:0: warning: "CONFIG_UART2DM_CONSOLE" redefined [enabled by default]
include/linux/autoconf.h:366:0: note: this is the location of the previous definition
drivers/serial/msm_serial_hs.c: In function 'msm_hs_console_setup':
drivers/serial/msm_serial_hs.c:1995:21: warning: variable 'tx' set but not used [-Wunused-but-set-variable]
drivers/serial/msm_serial_hs_lite.c: In function 'handle_rx':
drivers/serial/msm_serial_hs_lite.c:184:8: warning: variable 'flag' set but not used [-Wunused-but-set-variable]
drivers/serial/msm_serial_hs_lite.c: In function 'handle_tx':
drivers/serial/msm_serial_hs_lite.c:223:6: warning: variable 'sent_tx' set but not used [-Wunused-but-set-variable]
drivers/serial/msm_serial_hs_lite.c: In function 'msm_hsl_console_putchars':
drivers/serial/msm_serial_hs_lite.c:884:6: warning: variable 'word_count' set but not used [-Wunused-but-set-variable]
drivers/serial/msm_serial_hs_lite.c: In function 'msm_hsl_console_write':
drivers/serial/msm_serial_hs_lite.c:917:23: warning: variable 'msm_hsl_port' set but not used [-Wunused-but-set-variable]
drivers/serial/msm_serial_hs_lite.c: In function 'msm_hsl_console_set_terminal_onoff':
drivers/serial/msm_serial_hs_lite.c:1019:23: warning: variable 'msm_hsl_port' set but not used [-Wunused-but-set-variable]
drivers/serial/msm_serial_hs_lite.c:1019:23: warning: 'port' is used uninitialized in this function [-Wuninitialized]
drivers/spi/spi.c: In function 'spi_unregister_master':
drivers/spi/spi.c:566:6: warning: variable 'dummy' set but not used [-Wunused-but-set-variable]
net/ipv6/xfrm6_tunnel.c: In function 'xfrm6_tunnel_rcv':
net/ipv6/xfrm6_tunnel.c:261:53: warning: the omitted middle operand in ?: will always be 'true', suggest explicit middle operand [-Wparentheses]
drivers/staging/android/timed_gpio.c:1:2: warning: #warning compile out [-Wcpp]
In file included from include/linux/blkdev.h:12:0,
                 from drivers/staging/zram/zram_drv.c:26:
include/linux/pagemap.h: In function 'fault_in_pages_readable':
include/linux/pagemap.h:415:16: warning: variable 'c' set but not used [-Wunused-but-set-variable]
net/ipv6/xfrm6_mode_beet.c: In function 'xfrm6_beet_output':
net/ipv6/xfrm6_mode_beet.c:44:16: warning: variable 'iphv4' set but not used [-Wunused-but-set-variable]
drivers/switch/switch_gpio.c:1:2: warning: #warning compile out [-Wcpp]
drivers/usb/gadget/android.c: In function 'android_pantech_set_serial_number':
drivers/usb/gadget/android.c:273:14: warning: assignment makes pointer from integer without a cast [enabled by default]
drivers/usb/gadget/android.c: At top level:
drivers/usb/gadget/android.c:433:12: warning: 'is_usb_networking_on' defined but not used [-Wunused-function]
In file included from include/linux/blkdev.h:12:0,
                 from drivers/usb/gadget/f_mass_storage.c:51:
include/linux/pagemap.h: In function 'fault_in_pages_readable':
include/linux/pagemap.h:415:16: warning: variable 'c' set but not used [-Wunused-but-set-variable]
drivers/usb/gadget/f_mass_storage.c: In function 'invalidate_sub':
drivers/usb/gadget/f_mass_storage.c:1199:16: warning: variable 'rc' set but not used [-Wunused-but-set-variable]
drivers/usb/gadget/f_mass_storage.c: In function 'do_mode_sense':
drivers/usb/gadget/f_mass_storage.c:1408:26: warning: variable 'all_pages' set but not used [-Wunused-but-set-variable]
drivers/usb/gadget/f_mass_storage.c:1408:7: warning: variable 'changeable_values' set but not used [-Wunused-but-set-variable]
drivers/usb/gadget/f_mass_storage.c: In function 'do_start_stop':
drivers/usb/gadget/f_mass_storage.c:1488:13: warning: variable 'start' set but not used [-Wunused-but-set-variable]
drivers/usb/gadget/f_mass_storage.c: In function 'handle_exception':
drivers/usb/gadget/f_mass_storage.c:2390:8: warning: variable 'rc' set but not used [-Wunused-but-set-variable]
drivers/usb/gadget/u_serial.c: In function 'gs_write':
drivers/usb/gadget/u_serial.c:946:7: warning: variable 'status' set but not used [-Wunused-but-set-variable]
net/sched/sch_generic.c: In function 'dev_graft_qdisc':
net/sched/sch_generic.c:644:2: warning: the comparison will always evaluate as 'true' for the address of 'noop_qdisc' will never be NULL [-Waddress]
net/sched/sch_api.c: In function 'tc_classify':
net/sched/sch_api.c:1632:9: warning: variable 'protocol' set but not used [-Wunused-but-set-variable]
drivers/usb/gadget/pantech_f_obex.c: In function 'pantech_obex_function_add':
drivers/usb/gadget/pantech_f_obex.c:834:7: warning: unused variable 'ret' [-Wunused-variable]
net/unix/af_unix.c: In function 'unix_stream_sendmsg':
net/unix/af_unix.c:1501:22: warning: variable 'sunaddr' set but not used [-Wunused-but-set-variable]
drivers/video/console/fbcon.c: In function 'fb_flashcursor':
drivers/video/console/fbcon.c:372:18: warning: variable 'p' set but not used [-Wunused-but-set-variable]
drivers/video/console/fbcon.c: In function 'fbcon_exit':
drivers/video/console/fbcon.c:3473:7: warning: variable 'pending' set but not used [-Wunused-but-set-variable]
drivers/video/msm/lcdc_panel.c: In function 'change_brightness':
drivers/video/msm/lcdc_panel.c:719:9: warning: unused variable 'rc' [-Wunused-variable]
drivers/video/msm/lcdc_panel.c: In function 'err_mdp_lcdc_on':
drivers/video/msm/lcdc_panel.c:1251:6: warning: variable 'lcdc_bpp' set but not used [-Wunused-but-set-variable]
drivers/video/msm/lcdc_panel.c: In function 'lcd_spi_init':
drivers/video/msm/lcdc_panel.c:2110:6: warning: variable 'rc' set but not used [-Wunused-but-set-variable]
drivers/video/msm/lcdc_panel.c: At top level:
drivers/video/msm/lcdc_panel.c:1155:13: warning: 'send_spi_command_gpio' defined but not used [-Wunused-function]
drivers/video/msm/lcdc_panel.c:170:12: warning: 'send_spi_command_test' defined but not used [-Wunused-function]
drivers/video/msm/lcdc_panel.c:501:12: warning: 'send_spi_special_command' defined but not used [-Wunused-function]
drivers/video/msm/lcdc_panel.c:544:11: warning: 'flag' defined but not used [-Wunused-variable]
drivers/video/msm/lcdc_panel.c:545:11: warning: 'gamma_flag' defined but not used [-Wunused-variable]
drivers/video/msm/lcdc_panel.c:548:11: warning: 'gamma_register' defined but not used [-Wunused-variable]
drivers/video/msm/lcdc_panel.c:557:11: warning: 'brightness' defined but not used [-Wunused-variable]

drivers/video/msm/lcdc_panel.c:714: note: vectorized 0 loops in function.

drivers/video/msm/lcdc_panel.c:1175: note: vectorized 0 loops in function.

drivers/video/msm/lcdc_panel.c:419: note: vectorized 0 loops in function.

drivers/video/msm/lcdc_panel.c:264: note: vectorized 0 loops in function.

drivers/video/msm/lcdc_panel.c:1493: note: vectorized 0 loops in function.

drivers/video/msm/lcdc_panel.c:1046: note: vectorized 0 loops in function.

drivers/video/msm/lcdc_panel.c:1067: note: vectorized 0 loops in function.

drivers/video/msm/lcdc_panel.c:201: note: vectorized 0 loops in function.

drivers/video/msm/lcdc_panel.c:328: note: vectorized 0 loops in function.

drivers/video/msm/lcdc_panel.c:1752: note: vectorized 0 loops in function.
drivers/video/msm/msm_fb.c: In function 'msm_fb_sky_ioctl':
drivers/video/msm/msm_fb.c:2753:19: warning: unused variable 'pclk' [-Wunused-variable]
drivers/video/msm/msm_fb.c:2752:18: warning: unused variable 'dev' [-Wunused-variable]
drivers/video/msm/msm_fb.c:2750:18: warning: unused variable 'argp' [-Wunused-variable]
drivers/video/msm/msm_fb.c:2749:30: warning: unused variable 'mfd' [-Wunused-variable]

drivers/video/msm/msm_fb.c:574: note: vectorized 0 loops in function.

drivers/video/msm/msm_fb.c:414: note: vectorized 0 loops in function.

drivers/video/msm/msm_fb.c:2293: note: vectorized 0 loops in function.

drivers/video/msm/msm_fb.c:2845: note: vectorized 0 loops in function.

drivers/video/msm/logo.c:54: note: vectorized 0 loops in function.

drivers/video/msm/logo.c:175: note: vectorized 0 loops in function.

drivers/video/msm/logo.c:76: note: vectorized 0 loops in function.
drivers/video/msm/mdp.c: In function 'mdp_lut_hw_update':
drivers/video/msm/mdp.c:134:7: warning: variable 'c' set but not used [-Wunused-but-set-variable]

drivers/video/msm/mdp.c:1142: note: vectorized 0 loops in function.

drivers/video/msm/mdp.c:131: note: vectorized 0 loops in function.

drivers/video/msm/mdp.c:441: note: vectorized 0 loops in function.

drivers/video/msm/mdp.c:1119: note: vectorized 0 loops in function.

drivers/video/msm/mdp.c:564: note: vectorized 0 loops in function.

drivers/video/msm/mdp_hw_init.c:592: note: vectorized 0 loops in function.
drivers/video/msm/mdp_ppp.c: In function 'flush_imgs':
drivers/video/msm/mdp_ppp.c:557:41: warning: unused variable 'dst1_len' [-Wunused-variable]
drivers/video/msm/mdp_ppp.c:557:31: warning: unused variable 'dst0_len' [-Wunused-variable]

drivers/video/msm/mdp_ppp.c:578: note: vectorized 0 loops in function.

drivers/video/msm/mdp_ppp.c:190: note: vectorized 0 loops in function.
drivers/video/msm/mdp_ppp_v31.c: In function 'mdp_calc_scaleInitPhase_3p1':
drivers/video/msm/mdp_ppp_v31.c:292:28: warning: variable 'xscale_filter_sel' set but not used [-Wunused-but-set-variable]
drivers/video/msm/mdp_ppp_v31.c:292:9: warning: variable 'yscale_filter_sel' set but not used [-Wunused-but-set-variable]

drivers/video/msm/mdp_ppp_v31.c:204: note: vectorized 0 loops in function.
drivers/video/msm/mdp_debugfs.c: In function 'mdp_reg_write':
drivers/video/msm/mdp_debugfs.c:151:6: warning: variable 'cnt' set but not used [-Wunused-but-set-variable]
drivers/video/msm/mdp_debugfs.c: In function 'pmdh_reg_write':
drivers/video/msm/mdp_debugfs.c:530:6: warning: variable 'cnt' set but not used [-Wunused-but-set-variable]
drivers/video/msm/mdp_debugfs.c: In function 'emdh_reg_write':
drivers/video/msm/mdp_debugfs.c:663:6: warning: variable 'cnt' set but not used [-Wunused-but-set-variable]
drivers/video/msm/mdp_debugfs.c: In function 'dbg_reg_write':
drivers/video/msm/mdp_debugfs.c:877:6: warning: variable 'cnt' set but not used [-Wunused-but-set-variable]

drivers/video/msm/mdp_debugfs.c:490: note: vectorized 0 loops in function.

drivers/video/msm/mdp_debugfs.c:897: note: vectorized 0 loops in function.

drivers/video/msm/mdp_debugfs.c:172: note: vectorized 0 loops in function.
drivers/video/msm/mdp_dma_lcdc.c: In function 'mdp_lcdc_on':
drivers/video/msm/mdp_dma_lcdc.c:63:6: warning: variable 'lcdc_bpp' set but not used [-Wunused-but-set-variable]
drivers/video/msm/mdp_dma_lcdc.c: In function 'mdp_lcdc_off':
drivers/video/msm/mdp_dma_lcdc.c:320:27: warning: variable 'mfd' set but not used [-Wunused-but-set-variable]

drivers/video/msm/mdp_dma_lcdc.c:317: note: vectorized 0 loops in function.
drivers/video/msm/mdp_dma.c: In function 'mdp_dma_pan_update':
drivers/video/msm/mdp_dma.c:511:11: warning: variable 'iBuf' set but not used [-Wunused-but-set-variable]
